Component: ARM Compiler 5.06 update 7 (build 960) Tool: armlink [4d3601]

==============================================================================

Section Cross References

    startup_stm32f103xe.o(STACK) refers (Special) to heapauxi.o(.text) for __use_two_region_memory
    startup_stm32f103xe.o(HEAP) refers (Special) to heapauxi.o(.text) for __use_two_region_memory
    startup_stm32f103xe.o(RESET) refers (Special) to heapauxi.o(.text) for __use_two_region_memory
    startup_stm32f103xe.o(RESET) refers to startup_stm32f103xe.o(STACK) for __initial_sp
    startup_stm32f103xe.o(RESET) refers to startup_stm32f103xe.o(.text) for Reset_Handler
    startup_stm32f103xe.o(RESET) refers to stm32f1xx_it.o(i.NMI_Handler) for NMI_Handler
    startup_stm32f103xe.o(RESET) refers to stm32f1xx_it.o(i.HardFault_Handler) for HardFault_Handler
    startup_stm32f103xe.o(RESET) refers to stm32f1xx_it.o(i.MemManage_Handler) for MemManage_Handler
    startup_stm32f103xe.o(RESET) refers to stm32f1xx_it.o(i.BusFault_Handler) for BusFault_Handler
    startup_stm32f103xe.o(RESET) refers to stm32f1xx_it.o(i.UsageFault_Handler) for UsageFault_Handler
    startup_stm32f103xe.o(RESET) refers to stm32f1xx_it.o(i.SVC_Handler) for SVC_Handler
    startup_stm32f103xe.o(RESET) refers to stm32f1xx_it.o(i.DebugMon_Handler) for DebugMon_Handler
    startup_stm32f103xe.o(RESET) refers to os_cpu_a.o(CODE) for OS_CPU_PendSVHandler
    startup_stm32f103xe.o(RESET) refers to os_cpu_c.o(i.OS_CPU_SysTickHandler) for OS_CPU_SysTickHandler
    startup_stm32f103xe.o(RESET) refers to stm32f1xx_it.o(i.EXTI0_IRQHandler) for EXTI0_IRQHandler
    startup_stm32f103xe.o(.text) refers (Special) to heapauxi.o(.text) for __use_two_region_memory
    startup_stm32f103xe.o(.text) refers to system_stm32f1xx.o(i.SystemInit) for SystemInit
    startup_stm32f103xe.o(.text) refers to __main.o(!!!main) for __main
    startup_stm32f103xe.o(.text) refers to startup_stm32f103xe.o(HEAP) for Heap_Mem
    startup_stm32f103xe.o(.text) refers to startup_stm32f103xe.o(STACK) for Stack_Mem
    main.o(i.LED_task) refers to stm32f1xx_hal_gpio.o(i.HAL_GPIO_TogglePin) for HAL_GPIO_TogglePin
    main.o(i.LED_task) refers to os_time.o(i.OSTimeDlyHMSM) for OSTimeDlyHMSM
    main.o(i.PWM1_task) refers to stm32f1xx_hal_gpio.o(i.HAL_GPIO_TogglePin) for HAL_GPIO_TogglePin
    main.o(i.PWM1_task) refers to os_time.o(i.OSTimeDlyHMSM) for OSTimeDlyHMSM
    main.o(i.SystemClock_Config) refers to rt_memclr_w.o(.text) for __aeabi_memclr4
    main.o(i.SystemClock_Config) refers to stm32f1xx_hal_rcc.o(i.HAL_RCC_OscConfig) for HAL_RCC_OscConfig
    main.o(i.SystemClock_Config) refers to stm32f1xx_hal_rcc.o(i.HAL_RCC_ClockConfig) for HAL_RCC_ClockConfig
    main.o(i.main) refers to stm32f1xx_hal.o(i.HAL_Init) for HAL_Init
    main.o(i.main) refers to main.o(i.SystemClock_Config) for SystemClock_Config
    main.o(i.main) refers to gpio.o(i.MX_GPIO_Init) for MX_GPIO_Init
    main.o(i.main) refers to os_core.o(i.OSInit) for OSInit
    main.o(i.main) refers to cpu_a.o(.text) for CPU_SR_Save
    main.o(i.main) refers to cpu_core.o(i.CPU_IntDisMeasStart) for CPU_IntDisMeasStart
    main.o(i.main) refers to os_core.o(i.OS_SchedLockTimeMeasStart) for OS_SchedLockTimeMeasStart
    main.o(i.main) refers to cpu_core.o(i.CPU_IntDisMeasStop) for CPU_IntDisMeasStop
    main.o(i.main) refers to os_task.o(i.OSTaskCreate) for OSTaskCreate
    main.o(i.main) refers to os_core.o(i.OS_SchedLockTimeMeasStop) for OS_SchedLockTimeMeasStop
    main.o(i.main) refers to os_core.o(i.OS_Sched0) for OS_Sched0
    main.o(i.main) refers to os_core.o(i.OSStart) for OSStart
    main.o(i.main) refers to os_var.o(.data) for OSSchedLockNestingCtr
    main.o(i.main) refers to main.o(.bss) for .bss
    main.o(i.main) refers to main.o(i.start_task) for start_task
    main.o(i.main) refers to os_var.o(.data) for OSIntQNbrEntries
    main.o(i.start_task) refers to cpu_core.o(i.CPU_Init) for CPU_Init
    main.o(i.start_task) refers to cpu_a.o(.text) for CPU_SR_Save
    main.o(i.start_task) refers to cpu_core.o(i.CPU_IntDisMeasStart) for CPU_IntDisMeasStart
    main.o(i.start_task) refers to os_core.o(i.OS_SchedLockTimeMeasStart) for OS_SchedLockTimeMeasStart
    main.o(i.start_task) refers to cpu_core.o(i.CPU_IntDisMeasStop) for CPU_IntDisMeasStop
    main.o(i.start_task) refers to os_task.o(i.OSTaskCreate) for OSTaskCreate
    main.o(i.start_task) refers to os_task.o(i.OS_TaskSuspend) for OS_TaskSuspend
    main.o(i.start_task) refers to os_core.o(i.OS_SchedLockTimeMeasStop) for OS_SchedLockTimeMeasStop
    main.o(i.start_task) refers to os_core.o(i.OS_Sched0) for OS_Sched0
    main.o(i.start_task) refers to os_var.o(.data) for OSSchedLockNestingCtr
    main.o(i.start_task) refers to main.o(.bss) for .bss
    main.o(i.start_task) refers to main.o(i.LED_task) for LED_task
    main.o(i.start_task) refers to main.o(i.PWM1_task) for PWM1_task
    main.o(i.start_task) refers to os_var.o(.data) for OSIntQNbrEntries
[...]
    .constdata                               0x08003eec   Section        4  os_cfg_app.o(.constdata)
    .constdata                               0x08003ef0   Section        4  os_cfg_app.o(.constdata)
    .constdata                               0x08003ef4   Section        2  os_cfg_app.o(.constdata)
    .constdata                               0x08003ef6   Section        1  os_cfg_app.o(.constdata)
    .constdata                               0x08003ef8   Section        4  os_cfg_app.o(.constdata)
    .constdata                               0x08003efc   Section        4  os_cfg_app.o(.constdata)
    .constdata                               0x08003f00   Section        4  os_cfg_app.o(.constdata)
    .constdata                               0x08003f04   Section        4  os_cfg_app.o(.constdata)
    .constdata                               0x08003f08   Section        2  os_cfg_app.o(.constdata)
    .data                                    0x20000000   Section       12  stm32f1xx_hal.o(.data)
    .data                                    0x2000000c   Section        4  system_stm32f1xx.o(.data)
    .data                                    0x20000010   Section       28  cpu_core.o(.data)
    .data                                    0x2000002c   Section        4  os_cpu_c.o(.data)
    .data                                    0x20000030   Section        4  os_prio.o(.data)
    .data                                    0x20000034   Section        4  os_var.o(.data)
    .data                                    0x20000038   Section        4  os_var.o(.data)
    .data                                    0x2000003c   Section        4  os_var.o(.data)
    .data                                    0x20000040   Section        4  os_var.o(.data)
    .data                                    0x20000044   Section        4  os_var.o(.data)
    .data                                    0x20000048   Section        4  os_var.o(.data)
    .data                                    0x2000004c   Section        4  os_var.o(.data)
    .data                                    0x20000050   Section        4  os_var.o(.data)
    .data                                    0x20000054   Section        1  os_var.o(.data)
    .data                                    0x20000058   Section        4  os_var.o(.data)
    .data                                    0x2000005c   Section        1  os_var.o(.data)
    .data                                    0x20000060   Section        4  os_var.o(.data)
    .data                                    0x20000064   Section        4  os_var.o(.data)
    .data                                    0x20000068   Section        2  os_var.o(.data)
    .data                                    0x2000006a   Section        2  os_var.o(.data)
    .data                                    0x2000006c   Section        2  os_var.o(.data)
    .data                                    0x20000070   Section        4  os_var.o(.data)
    .data                                    0x20000074   Section        4  os_var.o(.data)
    .data                                    0x20000078   Section        2  os_var.o(.data)
    .data                                    0x2000007c   Section        4  os_var.o(.data)
    .data                                    0x20000080   Section        2  os_var.o(.data)
    .data                                    0x20000084   Section        4  os_var.o(.data)
    .data                                    0x20000088   Section        2  os_var.o(.data)
    .data                                    0x2000008a   Section        1  os_var.o(.data)
    .data                                    0x2000008b   Section        1  os_var.o(.data)
    .data                                    0x2000008c   Section        1  os_var.o(.data)
    .data                                    0x20000090   Section        4  os_var.o(.data)
    .data                                    0x20000094   Section        2  os_var.o(.data)
    .data                                    0x20000098   Section        4  os_var.o(.data)
    .data                                    0x2000009c   Section        4  os_var.o(.data)
    .data                                    0x200000a0   Section        4  os_var.o(.data)
    .data                                    0x200000a4   Section        1  os_var.o(.data)
    .data                                    0x200000a8   Section        4  os_var.o(.data)
    .data                                    0x200000ac   Section        1  os_var.o(.data)
    .data                                    0x200000b0   Section        4  os_var.o(.data)
    .data                                    0x200000b4   Section        2  os_var.o(.data)
    .data                                    0x200000b6   Section        1  os_var.o(.data)
    .data                                    0x200000b8   Section        2  os_var.o(.data)
    .data                                    0x200000ba   Section        2  os_var.o(.data)
    .data                                    0x200000bc   Section        4  os_var.o(.data)
    .data                                    0x200000c0   Section        4  os_var.o(.data)
    .data                                    0x200000c4   Section        4  os_var.o(.data)
    .data                                    0x200000c8   Section        1  os_var.o(.data)
    .data                                    0x200000cc   Section        4  os_var.o(.data)
    .data                                    0x200000d0   Section        4  os_var.o(.data)
    .data                                    0x200000d4   Section        4  os_var.o(.data)
    .data                                    0x200000d8   Section        2  os_var.o(.data)
    .data                                    0x200000da   Section        1  os_var.o(.data)
    .data                                    0x200000dc   Section        4  os_var.o(.data)
    .data                                    0x200000e0   Section        4  os_var.o(.data)
    .data                                    0x200000e4   Section        4  os_var.o(.data)
    .data                                    0x200000e8   Section        4  os_var.o(.data)
    .data                                    0x200000ec   Section        4  os_var.o(.data)
    .data                                    0x200000f0   Section        4  os_var.o(.data)
    .data                                    0x200000f4   Section        4  os_var.o(.data)
    .data                                    0x200000f8   Section        4  os_var.o(.data)
    .data                                    0x200000fc   Section        4  os_var.o(.data)
    .bss                                     0x20000100   Section     2136  main.o(.bss)
    .bss                                     0x20000958   Section       16  cpu_core.o(.bss)
    .bss                                     0x20000968   Section      512  os_cfg_app.o(.bss)
    .bss                                     0x20000b68   Section      320  os_cfg_app.o(.bss)
    .bss                                     0x20000ca8   Section      512  os_cfg_app.o(.bss)
    .bss                                     0x20000ea8   Section      512  os_cfg_app.o(.bss)
    .bss                                     0x200010a8   Section     1600  os_cfg_app.o(.bss)
    .bss                                     0x200016e8   Section      512  os_cfg_app.o(.bss)
    .bss                                     0x200018e8   Section      512  os_cfg_app.o(.bss)
    .bss                                     0x20001ae8   Section      136  os_cfg_app.o(.bss)
    .bss                                     0x20001b70   Section      512  os_cfg_app.o(.bss)
    .bss                                     0x20001d70   Section      136  os_cfg_app.o(.bss)
    .bss                                     0x20001df8   Section      200  os_var.o(.bss)
    .bss                                     0x20001ec0   Section      200  os_var.o(.bss)
    .bss                                     0x20001f88   Section       12  os_var.o(.bss)
    .bss                                     0x20001f94   Section      384  os_var.o(.bss)
    .bss                                     0x20002114   Section      200  os_var.o(.bss)
    .bss                                     0x200021dc   Section      200  os_var.o(.bss)
    .bss                                     0x200022a4   Section      200  os_var.o(.bss)
    .bss                                     0x2000236c   Section       96  libspace.o(.bss)
    HEAP                                     0x200023d0   Section      512  startup_stm32f103xe.o(HEAP)
    Heap_Mem                                 0x200023d0   Data         512  startup_stm32f103xe.o(HEAP)
    STACK                                    0x200025d0   Section     1024  startup_stm32f103xe.o(STACK)
    Stack_Mem                                0x200025d0   Data        1024  startup_stm32f103xe.o(STACK)
    __initial_sp                             0x200029d0   Data           0  startup_stm32f103xe.o(STACK)

    Global Symbols

    Symbol Name                              Value     Ov Type        Size  Object(Section)

    BuildAttributes$$THM_ISAv4$P$D$K$B$S$PE$A:L22UL41UL21$X:L11$S22US41US21$IEEE1$IW$USESV6$~STKCKD$USESV7$~SHL$OSPACE$ROPI$EBA8$UX$STANDARDLIB$REQ8$PRES8$EABIv2 0x00000000   Number         0  anon$$obj.o ABSOLUTE
    __ARM_use_no_argv                        0x00000000   Number         0  main.o ABSOLUTE
    __ARM_exceptions_init                     - Undefined Weak Reference
    __alloca_initialize                       - Undefined Weak Reference
    __arm_fini_                               - Undefined Weak Reference
    __arm_preinit_                            - Undefined Weak Reference
    __cpp_initialize__aeabi_                  - Undefined Weak Reference
    __cxa_finalize                            - Undefined Weak Reference
    __rt_locale                               - Undefined Weak Reference
    __sigvec_lookup                           - Undefined Weak Reference
    _atexit_init                              - Undefined Weak Reference
    _call_atexit_fns                          - Undefined Weak Reference
    _clock_init                               - Undefined Weak Reference
    _fp_trap_init                             - Undefined Weak Reference
    _fp_trap_shutdown                         - Undefined Weak Reference
    _get_lc_collate                           - Undefined Weak Reference
    _get_lc_ctype                             - Undefined Weak Reference
    _get_lc_monetary                          - Undefined Weak Reference
    _get_lc_numeric                           - Undefined Weak Reference
    _get_lc_time                              - Undefined Weak Reference
    _getenv_init                              - Undefined Weak Reference
    _handle_redirection                       - Undefined Weak Reference
    _init_alloc                               - Undefined Weak Reference
    _init_user_alloc                          - Undefined Weak Reference
    _initio                                   - Undefined Weak Reference
    _rand_init                                - Undefined Weak Reference
    _signal_finish                            - Undefined Weak Reference
    _signal_init                              - Undefined Weak Reference
    _terminate_alloc                          - Undefined Weak Reference
    _terminate_user_alloc                     - Undefined Weak Reference
    _terminateio                              - Undefined Weak Reference
    __Vectors_Size                           0x00000130   Number         0  startup_stm32f103xe.o ABSOLUTE
    __Vectors                                0x08000000   Data           4  startup_stm32f103xe.o(RESET)
    __Vectors_End                            0x08000130   Data           0  startup_stm32f103xe.o(RESET)
    __main                                   0x08000131   Thumb Code     8  __main.o(!!!main)
    __scatterload                            0x08000139   Thumb Code     0  __scatter.o(!!!scatter)
    __scatterload_rt2                        0x08000139   Thumb Code    44  __scatter.o(!!!scatter)
    __scatterload_rt2_thumb_only             0x08000139   Thumb Code     0  __scatter.o(!!!scatter)
    __scatterload_null                       0x08000147   Thumb Code     0  __scatter.o(!!!scatter)
    __scatterload_copy                       0x0800016d   Thumb Code    26  __scatter_copy.o(!!handler_copy)
    __scatterload_zeroinit                   0x08000189   Thumb Code    28  __scatter_zi.o(!!handler_zi)
    __rt_lib_init                            0x080001a5   Thumb Code     0  libinit.o(.ARM.Collect$$libinit$$00000000)
    __rt_lib_init_alloca_1                   0x080001a7   Thumb Code     0  libinit2.o(.ARM.Collect$$libinit$$0000002E)
    __rt_lib_init_argv_1                     0x080001a7   Thumb Code     0  libinit2.o(.ARM.Collect$$libinit$$0000002C)
    __rt_lib_init_atexit_1                   0x080001a7   Thumb Code     0  libinit2.o(.ARM.Collect$$libinit$$0000001B)
    __rt_lib_init_clock_1                    0x080001a7   Thumb Code     0  libinit2.o(.ARM.Collect$$libinit$$00000021)
    __rt_lib_init_cpp_1                      0x080001a7   Thumb Code     0  libinit2.o(.ARM.Collect$$libinit$$00000032)
    __rt_lib_init_exceptions_1               0x080001a7   Thumb Code     0  libinit2.o(.ARM.Collect$$libinit$$00000030)
    __rt_lib_init_fp_1                       0x080001a7   Thumb Code     0  libinit2.o(.ARM.Collect$$libinit$$00000002)
    __rt_lib_init_fp_trap_1                  0x080001a7   Thumb Code     0  libinit2.o(.ARM.Collect$$libinit$$0000001F)
    __rt_lib_init_getenv_1                   0x080001a7   Thumb Code     0  libinit2.o(.ARM.Collect$$libinit$$00000023)
    __rt_lib_init_heap_1                     0x080001a7   Thumb Code     0  libinit2.o(.ARM.Collect$$libinit$$0000000A)
    __rt_lib_init_lc_collate_1               0x080001a7   Thumb Code     0  libinit2.o(.ARM.Collect$$libinit$$00000011)
    __rt_lib_init_lc_ctype_1                 0x080001a7   Thumb Code     0  libinit2.o(.ARM.Collect$$libinit$$00000013)
    __rt_lib_init_lc_monetary_1              0x080001a7   Thumb Code     0  libinit2.o(.ARM.Collect$$libinit$$00000015)
    __rt_lib_init_lc_numeric_1               0x080001a7   Thumb Code     0  libinit2.o(.ARM.Collect$$libinit$$00000017)
    __rt_lib_init_lc_time_1                  0x080001a7   Thumb Code     0  libinit2.o(.ARM.Collect$$libinit$$00000019)
    __rt_lib_init_preinit_1                  0x080001a7   Thumb Code     0  libinit2.o(.ARM.Collect$$libinit$$00000004)
    __rt_lib_init_rand_1                     0x080001a7   Thumb Code     0  libinit2.o(.ARM.Collect$$libinit$$0000000E)
    __rt_lib_init_return                     0x080001a7   Thumb Code     0  libinit2.o(.ARM.Collect$$libinit$$00000033)
    __rt_lib_init_signal_1                   0x080001a7   Thumb Code     0  libinit2.o(.ARM.Collect$$libinit$$0000001D)
    __rt_lib_init_stdio_1                    0x080001a7   Thumb Code     0  libinit2.o(.ARM.Collect$$libinit$$00000025)
    __rt_lib_init_user_alloc_1               0x080001a7   Thumb Code     0  libinit2.o(.ARM.Collect$$libinit$$0000000C)
    __rt_lib_shutdown                        0x080001a9   Thumb Code     0  libshutdown.o(.ARM.Collect$$libshutdown$$00000000)
    __rt_lib_shutdown_cpp_1                  0x080001ab   Thumb Code     0  libshutdown2.o(.ARM.Collect$$libshutdown$$00000004)
    __rt_lib_shutdown_fini_1                 0x080001ab   Thumb Code     0  libshutdown2.o(.ARM.Collect$$libshutdown$$00000002)
    __rt_lib_shutdown_fp_trap_1              0x080001ab   Thumb Code     0  libshutdown2.o(.ARM.Collect$$libshutdown$$00000009)
    __rt_lib_shutdown_heap_1                 0x080001ab   Thumb Code     0  libshutdown2.o(.ARM.Collect$$libshutdown$$00000011)
    __rt_lib_shutdown_return                 0x080001ab   Thumb Code     0  libshutdown2.o(.ARM.Collect$$libshutdown$$00000012)
    __rt_lib_shutdown_signal_1               0x080001ab   Thumb Code     0  libshutdown2.o(.ARM.Collect$$libshutdown$$0000000C)
    __rt_lib_shutdown_stdio_1                0x080001ab   Thumb Code     0  libshutdown2.o(.ARM.Collect$$libshutdown$$00000006)
    __rt_lib_shutdown_user_alloc_1           0x080001ab   Thumb Code     0  libshutdown2.o(.ARM.Collect$$libshutdown$$0000000E)
    __rt_entry                               0x080001ad   Thumb Code     0  __rtentry.o(.ARM.Collect$$rtentry$$00000000)
    __rt_entry_presh_1                       0x080001ad   Thumb Code     0  __rtentry2.o(.ARM.Collect$$rtentry$$00000002)
    __rt_entry_sh                            0x080001ad   Thumb Code     0  __rtentry4.o(.ARM.Collect$$rtentry$$00000004)
    __rt_entry_li                            0x080001b3   Thumb Code     0  __rtentry2.o(.ARM.Collect$$rtentry$$0000000A)
    __rt_entry_postsh_1                      0x080001b3   Thumb Code     0  __rtentry2.o(.ARM.Collect$$rtentry$$00000009)
    __rt_entry_main                          0x080001b7   Thumb Code     0  __rtentry2.o(.ARM.Collect$$rtentry$$0000000D)
    __rt_entry_postli_1                      0x080001b7   Thumb Code     0  __rtentry2.o(.ARM.Collect$$rtentry$$0000000C)
    __rt_exit                                0x080001bf   Thumb Code     0  rtexit.o(.ARM.Collect$$rtexit$$00000000)
    __rt_exit_ls                             0x080001c1   Thumb Code     0  rtexit2.o(.ARM.Collect$$rtexit$$00000003)
    __rt_exit_prels_1                        0x080001c1   Thumb Code     0  rtexit2.o(.ARM.Collect$$rtexit$$00000002)
    __rt_exit_exit                           0x080001c5   Thumb Code     0  rtexit2.o(.ARM.Collect$$rtexit$$00000004)
    Reset_Handler                            0x080001cd   Thumb Code     8  startup_stm32f103xe.o(.text)
    ADC1_2_IRQHandler                        0x080001e7   Thumb Code     0  startup_stm32f103xe.o(.text)
    ADC3_IRQHandler                          0x080001e7   Thumb Code     0  startup_stm32f103xe.o(.text)
    CAN1_RX1_IRQHandler                      0x080001e7   Thumb Code     0  startup_stm32f103xe.o(.text)
    CAN1_SCE_IRQHandler                      0x080001e7   Thumb Code     0  startup_stm32f103xe.o(.text)
    DMA1_Channel1_IRQHandler                 0x080001e7   Thumb Code     0  startup_stm32f103xe.o(.text)
    DMA1_Channel2_IRQHandler                 0x080001e7   Thumb Code     0  startup_stm32f103xe.o(.text)
    DMA1_Channel3_IRQHandler                 0x080001e7   Thumb Code     0  startup_stm32f103xe.o(.text)
    DMA1_Channel4_IRQHandler                 0x080001e7   Thumb Code     0  startup_stm32f103xe.o(.text)
    DMA1_Channel5_IRQHandler                 0x080001e7   Thumb Code     0  startup_stm32f103xe.o(.text)
    DMA1_Channel6_IRQHandler                 0x080001e7   Thumb Code     0  startup_stm32f103xe.o(.text)
    DMA1_Channel7_IRQHandler                 0x080001e7   Thumb Code     0  startup_stm32f103xe.o(.text)
    DMA2_Channel1_IRQHandler                 0x080001e7   Thumb Code     0  startup_stm32f103xe.o(.text)
    DMA2_Channel2_IRQHandler                 0x080001e7   Thumb Code     0  startup_stm32f103xe.o(.text)
    DMA2_Channel3_IRQHandler                 0x080001e7   Thumb Code     0  startup_stm32f103xe.o(.text)
    DMA2_Channel4_5_IRQHandler               0x080001e7   Thumb Code     0  startup_stm32f103xe.o(.text)
    EXTI15_10_IRQHandler                     0x080001e7   Thumb Code     0  startup_stm32f103xe.o(.text)
    EXTI1_IRQHandler                         0x080001e7   Thumb Code     0  startup_stm32f103xe.o(.text)
    EXTI2_IRQHandler                         0x080001e7   Thumb Code     0  startup_stm32f103xe.o(.text)
    EXTI3_IRQHandler                         0x080001e7   Thumb Code     0  startup_stm32f103xe.o(.text)
    EXTI4_IRQHandler                         0x080001e7   Thumb Code     0  startup_stm32f103xe.o(.text)
    EXTI9_5_IRQHandler                       0x080001e7   Thumb Code     0  startup_stm32f103xe.o(.text)
    FLASH_IRQHandler                         0x080001e7   Thumb Code     0  startup_stm32f103xe.o(.text)
    FSMC_IRQHandler                          0x080001e7   Thumb Code     0  startup_stm32f103xe.o(.text)
    I2C1_ER_IRQHandler                       0x080001e7   Thumb Code     0  startup_stm32f103xe.o(.text)
    I2C1_EV_IRQHandler                       0x080001e7   Thumb Code     0  startup_stm32f103xe.o(.text)
    I2C2_ER_IRQHandler                       0x080001e7   Thumb Code     0  startup_stm32f103xe.o(.text)
    I2C2_EV_IRQHandler                       0x080001e7   Thumb Code     0  startup_stm32f103xe.o(.text)
    PVD_IRQHandler                           0x080001e7   Thumb Code     0  startup_stm32f103xe.o(.text)
    RCC_IRQHandler                           0x080001e7   Thumb Code     0  startup_stm32f103xe.o(.text)
    RTC_Alarm_IRQHandler                     0x080001e7   Thumb Code     0  startup_stm32f103xe.o(.text)
    RTC_IRQHandler                           0x080001e7   Thumb Code     0  startup_stm32f103xe.o(.text)
    SDIO_IRQHandler                          0x080001e7   Thumb Code     0  startup_stm32f103xe.o(.text)
    SPI1_IRQHandler                          0x080001e7   Thumb Code     0  startup_stm32f103xe.o(.text)
    SPI2_IRQHandler                          0x080001e7   Thumb Code     0  startup_stm32f103xe.o(.text)
    SPI3_IRQHandler                          0x080001e7   Thumb Code     0  startup_stm32f103xe.o(.text)
    TAMPER_IRQHandler                        0x080001e7   Thumb Code     0  startup_stm32f103xe.o(.text)
    TIM1_BRK_IRQHandler                      0x080001e7   Thumb Code     0  startup_stm32f103xe.o(.text)
    TIM1_CC_IRQHandler                       0x080001e7   Thumb Code     0  startup_stm32f103xe.o(.text)
    TIM1_TRG_COM_IRQHandler                  0x080001e7   Thumb Code     0  startup_stm32f103xe.o(.text)
    TIM1_UP_IRQHandler                       0x080001e7   Thumb Code     0  startup_stm32f103xe.o(.text)
    TIM2_IRQHandler                          0x080001e7   Thumb Code     0  startup_stm32f103xe.o(.text)
    TIM3_IRQHandler                          0x080001e7   Thumb Code     0  startup_stm32f103xe.o(.text)
    TIM4_IRQHandler                          0x080001e7   Thumb Code     0  startup_stm32f103xe.o(.text)
    TIM5_IRQHandler                          0x080001e7   Thumb Code     0  startup_stm32f103xe.o(.text)
    TIM6_IRQHandler                          0x080001e7   Thumb Code     0  startup_stm32f103xe.o(.text)
    TIM7_IRQHandler                          0x080001e7   Thumb Code     0  startup_stm32f103xe.o(.text)
    TIM8_BRK_IRQHandler                      0x080001e7   Thumb Code     0  startup_stm32f103xe.o(.text)
    TIM8_CC_IRQHandler                       0x080001e7   Thumb Code     0  startup_stm32f103xe.o(.text)
    TIM8_TRG_COM_IRQHandler                  0x080001e7   Thumb Code     0  startup_stm32f103xe.o(.text)
    TIM8_UP_IRQHandler                       0x080001e7   Thumb Code     0  startup_stm32f103xe.o(.text)
    UART4_IRQHandler                         0x080001e7   Thumb Code     0  startup_stm32f103xe.o(.text)
    UART5_IRQHandler                         0x080001e7   Thumb Code     0  startup_stm32f103xe.o(.text)
    USART1_IRQHandler                        0x080001e7   Thumb Code     0  startup_stm32f103xe.o(.text)
    USART2_IRQHandler                        0x080001e7   Thumb Code     0  startup_stm32f103xe.o(.text)
    USART3_IRQHandler                        0x080001e7   Thumb Code     0  startup_stm32f103xe.o(.text)
    USBWakeUp_IRQHandler                     0x080001e7   Thumb Code     0  startup_stm32f103xe.o(.text)
    USB_HP_CAN1_TX_IRQHandler                0x080001e7   Thumb Code     0  startup_stm32f103xe.o(.text)
    USB_LP_CAN1_RX0_IRQHandler               0x080001e7   Thumb Code     0  startup_stm32f103xe.o(.text)
    WWDG_IRQHandler                          0x080001e7   Thumb Code     0  startup_stm32f103xe.o(.text)
    __user_initial_stackheap                 0x080001e9   Thumb Code     0  startup_stm32f103xe.o(.text)
    CPU_IntDis                               0x0800020d   Thumb Code     0  cpu_a.o(.text)
    CPU_IntEn                                0x08000211   Thumb Code     0  cpu_a.o(.text)
    CPU_SR_Save                              0x08000215   Thumb Code     0  cpu_a.o(.text)
    CPU_SR_Restore                           0x0800021d   Thumb Code     0  cpu_a.o(.text)
    CPU_WaitForInt                           0x08000223   Thumb Code     0  cpu_a.o(.text)
    CPU_WaitForExcept                        0x08000227   Thumb Code     0  cpu_a.o(.text)
    CPU_CntLeadZeros                         0x0800022b   Thumb Code     0  cpu_a.o(.text)
    CPU_CntTrailZeros                        0x08000231   Thumb Code     0  cpu_a.o(.text)
    CPU_RevBits                              0x0800023b   Thumb Code     0  cpu_a.o(.text)
    __aeabi_memclr4                          0x08000241   Thumb Code     0  rt_memclr_w.o(.text)
    __aeabi_memclr8                          0x08000241   Thumb Code     0  rt_memclr_w.o(.text)
    __rt_memclr_w                            0x08000241   Thumb Code    78  rt_memclr_w.o(.text)
    _memset_w                                0x08000245   Thumb Code     0  rt_memclr_w.o(.text)
    __use_two_region_memory                  0x0800028f   Thumb Code     2  heapauxi.o(.text)
    __rt_heap_escrow$2region                 0x08000291   Thumb Code     2  heapauxi.o(.text)
    __rt_heap_expand$2region                 0x08000293   Thumb Code     2  heapauxi.o(.text)
    __user_setup_stackheap                   0x08000295   Thumb Code    74  sys_stackheap_outer.o(.text)
    exit                                     0x080002df   Thumb Code    18  exit.o(.text)
    __user_libspace                          0x080002f1   Thumb Code     8  libspace.o(.text)
    __user_perproc_libspace                  0x080002f1   Thumb Code     0  libspace.o(.text)
    __user_perthread_libspace                0x080002f1   Thumb Code     0  libspace.o(.text)
    _sys_exit                                0x080002f9   Thumb Code     8  sys_exit.o(.text)
    __I$use$semihosting                      0x08000305   Thumb Code     0  use_no_semi.o(.text)
    __use_no_semihosting_swi                 0x08000305   Thumb Code     2  use_no_semi.o(.text)
    __semihosting_library_function           0x08000307   Thumb Code     0  indicate_semi.o(.text)
    OSStartHighRdy                           0x08000309   Thumb Code     0  os_cpu_a.o(CODE)
    OS_CPU_PendSVHandler                     0x0800032b   Thumb Code     0  os_cpu_a.o(CODE)
    BusFault_Handler                         0x0800038d   Thumb Code     2  stm32f1xx_it.o(i.BusFault_Handler)
    CPU_Init                                 0x08000391   Thumb Code    24  cpu_core.o(i.CPU_Init)
    CPU_IntDisMeasMaxCurGet                  0x0800040d   Thumb Code    24  cpu_core.o(i.CPU_IntDisMeasMaxCurGet)
    CPU_IntDisMeasMaxCurReset                0x08000429   Thumb Code    26  cpu_core.o(i.CPU_IntDisMeasMaxCurReset)
    CPU_IntDisMeasMaxGet                     0x08000449   Thumb Code    24  cpu_core.o(i.CPU_IntDisMeasMaxGet)
    CPU_IntDisMeasStart                      0x08000465   Thumb Code    28  cpu_core.o(i.CPU_IntDisMeasStart)
    CPU_IntDisMeasStop                       0x08000485   Thumb Code    44  cpu_core.o(i.CPU_IntDisMeasStop)
    CPU_NameClr                              0x080004b5   Thumb Code    34  cpu_core.o(i.CPU_NameClr)
    CPU_TS_TmrFreqSet                        0x080004dd   Thumb Code     6  cpu_core.o(i.CPU_TS_TmrFreqSet)
    CPU_TS_TmrInit                           0x080004e9   Thumb Code    38  bsp.o(i.CPU_TS_TmrInit)
    CPU_TS_TmrRd                             0x08000519   Thumb Code     6  bsp.o(i.CPU_TS_TmrRd)
    DebugMon_Handler                         0x08000525   Thumb Code     2  stm32f1xx_it.o(i.DebugMon_Handler)
    EXTI0_IRQHandler                         0x08000527   Thumb Code    20  stm32f1xx_it.o(i.EXTI0_IRQHandler)
    HAL_GPIO_EXTI_Callback                   0x0800053d   Thumb Code    14  gpio.o(i.HAL_GPIO_EXTI_Callback)
    HAL_GPIO_EXTI_IRQHandler                 0x08000551   Thumb Code    18  stm32f1xx_hal_gpio.o(i.HAL_GPIO_EXTI_IRQHandler)
    HAL_GPIO_Init                            0x08000569   Thumb Code   462  stm32f1xx_hal_gpio.o(i.HAL_GPIO_Init)
    HAL_GPIO_TogglePin                       0x08000761   Thumb Code    16  stm32f1xx_hal_gpio.o(i.HAL_GPIO_TogglePin)
    HAL_GPIO_WritePin                        0x08000771   Thumb Code    10  stm32f1xx_hal_gpio.o(i.HAL_GPIO_WritePin)
    HAL_GetTick                              0x0800077d   Thumb Code     6  stm32f1xx_hal.o(i.HAL_GetTick)
    HAL_Init                                 0x08000789   Thumb Code    32  stm32f1xx_hal.o(i.HAL_Init)
    HAL_InitTick                             0x080007ad   Thumb Code    54  stm32f1xx_hal.o(i.HAL_InitTick)
    HAL_MspInit                              0x080007ed   Thumb Code    58  stm32f1xx_hal_msp.o(i.HAL_MspInit)
    HAL_NVIC_EnableIRQ                       0x08000831   Thumb Code    26  stm32f1xx_hal_cortex.o(i.HAL_NVIC_EnableIRQ)
    HAL_NVIC_SetPriority                     0x0800084d   Thumb Code    60  stm32f1xx_hal_cortex.o(i.HAL_NVIC_SetPriority)
    HAL_NVIC_SetPriorityGrouping             0x0800088d   Thumb Code    26  stm32f1xx_hal_cortex.o(i.HAL_NVIC_SetPriorityGrouping)
    HAL_RCC_ClockConfig                      0x080008b1   Thumb Code   280  stm32f1xx_hal_rcc.o(i.HAL_RCC_ClockConfig)
    HAL_RCC_GetHCLKFreq                      0x080009dd   Thumb Code     6  stm32f1xx_hal_rcc.o(i.HAL_RCC_GetHCLKFreq)
    HAL_RCC_GetSysClockFreq                  0x080009e9   Thumb Code    74  stm32f1xx_hal_rcc.o(i.HAL_RCC_GetSysClockFreq)
    HAL_RCC_OscConfig                        0x08000a55   Thumb Code   778  stm32f1xx_hal_rcc.o(i.HAL_RCC_OscConfig)
    HAL_SYSTICK_Config                       0x08000d75   Thumb Code    40  stm32f1xx_hal_cortex.o(i.HAL_SYSTICK_Config)
    HardFault_Handler                        0x08000d9d   Thumb Code     2  stm32f1xx_it.o(i.HardFault_Handler)
    LED_task                                 0x08000da1   Thumb Code    38  main.o(i.LED_task)
    MX_GPIO_Init                             0x08000dcd   Thumb Code   136  gpio.o(i.MX_GPIO_Init)
    MemManage_Handler                        0x08000e65   Thumb Code     2  stm32f1xx_it.o(i.MemManage_Handler)
    Mem_Clr                                  0x08000e67   Thumb Code     8  lib_mem.o(i.Mem_Clr)
    Mem_Set                                  0x08000e71   Thumb Code    76  lib_mem.o(i.Mem_Set)
    NMI_Handler                              0x08000ebd   Thumb Code     2  stm32f1xx_it.o(i.NMI_Handler)
    OSCfg_Init                               0x08000ebf   Thumb Code     2  os_cfg_app.o(i.OSCfg_Init)
    OSIdleTaskHook                           0x08000ec1   Thumb Code    12  os_cpu_c.o(i.OSIdleTaskHook)
    OSInit                                   0x08000ed1   Thumb Code   290  os_core.o(i.OSInit)
    OSInitHook                               0x08001055   Thumb Code    38  os_cpu_c.o(i.OSInitHook)
    OSIntEnter                               0x08001089   Thumb Code    22  os_core.o(i.OSIntEnter)
    OSIntExit                                0x080010a9   Thumb Code   108  os_core.o(i.OSIntExit)
    OSSched                                  0x08001139   Thumb Code    90  os_core.o(i.OSSched)
    OSSchedLock                              0x080011b5   Thumb Code    80  os_core.o(i.OSSchedLock)
    OSSchedUnlock                            0x08001211   Thumb Code   104  os_core.o(i.OSSchedUnlock)
    OSStart                                  0x08001285   Thumb Code    62  os_core.o(i.OSStart)
    OSStatReset                              0x080012dd   Thumb Code   202  os_stat.o(i.OSStatReset)
    OSStatTaskHook                           0x080013d5   Thumb Code    12  os_cpu_c.o(i.OSStatTaskHook)
    OSTaskCreate                             0x080013e5   Thumb Code   466  os_task.o(i.OSTaskCreate)
    OSTaskCreateHook                         0x080015dd   Thumb Code    12  os_cpu_c.o(i.OSTaskCreateHook)
    OSTaskDel                                0x080015ed   Thumb Code   336  os_task.o(i.OSTaskDel)
    OSTaskDelHook                            0x08001759   Thumb Code    12  os_cpu_c.o(i.OSTaskDelHook)
    OSTaskReturnHook                         0x08001769   Thumb Code    12  os_cpu_c.o(i.OSTaskReturnHook)
    OSTaskSemPend                            0x08001779   Thumb Code   354  os_task.o(i.OSTaskSemPend)
    OSTaskStkChk                             0x080018e9   Thumb Code   162  os_task.o(i.OSTaskStkChk)
    OSTaskStkInit                            0x08001995   Thumb Code   108  os_cpu_c.o(i.OSTaskStkInit)
    OSTaskSwHook                             0x08001a05   Thumb Code    86  os_cpu_c.o(i.OSTaskSwHook)
    OSTimeDly                                0x08001a6d   Thumb Code   224  os_time.o(i.OSTimeDly)
    OSTimeDlyHMSM                            0x08001b59   Thumb Code   374  os_time.o(i.OSTimeDlyHMSM)
    OSTimeTick                               0x08001ce1   Thumb Code    52  os_time.o(i.OSTimeTick)
    OSTimeTickHook                           0x08001d21   Thumb Code    12  os_cpu_c.o(i.OSTimeTickHook)
    OS_CPU_SysTickHandler                    0x08001d31   Thumb Code    42  os_cpu_c.o(i.OS_CPU_SysTickHandler)
    OS_Dbg_Init                              0x08001d61   Thumb Code     2  os_dbg.o(i.OS_Dbg_Init)
    OS_FlagInit                              0x08001d65   Thumb Code    14  os_flag.o(i.OS_FlagInit)
    OS_FlagPost                              0x08001d7d   Thumb Code   382  os_flag.o(i.OS_FlagPost)
    OS_FlagTaskRdy                           0x08001f05   Thumb Code    68  os_flag.o(i.OS_FlagTaskRdy)
    OS_IdleTask                              0x08001f49   Thumb Code    42  os_core.o(i.OS_IdleTask)
    OS_IdleTaskInit                          0x08001f7d   Thumb Code    60  os_core.o(i.OS_IdleTaskInit)
    OS_IntQPost                              0x08001fe5   Thumb Code   148  os_int.o(i.OS_IntQPost)
    OS_IntQRePost                            0x0800209d   Thumb Code   224  os_int.o(i.OS_IntQRePost)
    OS_IntQTask                              0x080021b9   Thumb Code   120  os_int.o(i.OS_IntQTask)
    OS_IntQTaskInit                          0x08002241   Thumb Code   192  os_int.o(i.OS_IntQTaskInit)
    OS_MemInit                               0x08002359   Thumb Code    14  os_mem.o(i.OS_MemInit)
    OS_MsgPoolInit                           0x08002371   Thumb Code    92  os_msg.o(i.OS_MsgPoolInit)
    OS_MsgQFreeAll                           0x080023d9   Thumb Code    48  os_msg.o(i.OS_MsgQFreeAll)
    OS_MsgQInit                              0x0800240d   Thumb Code    14  os_msg.o(i.OS_MsgQInit)
    OS_MsgQPut                               0x0800241d   Thumb Code   132  os_msg.o(i.OS_MsgQPut)
    OS_MutexInit                             0x080024a5   Thumb Code    14  os_mutex.o(i.OS_MutexInit)
    OS_Pend                                  0x080024bd   Thumb Code    74  os_core.o(i.OS_Pend)
    OS_PendDataInit                          0x0800250d   Thumb Code    48  os_core.o(i.OS_PendDataInit)
    OS_PendDbgNameAdd                        0x0800253d   Thumb Code    46  os_core.o(i.OS_PendDbgNameAdd)
    OS_PendDbgNameRemove                     0x08002585   Thumb Code    22  os_core.o(i.OS_PendDbgNameRemove)
    OS_PendListInsertPrio                    0x080025a1   Thumb Code    90  os_core.o(i.OS_PendListInsertPrio)
    OS_PendListRemove                        0x080025fb   Thumb Code    38  os_core.o(i.OS_PendListRemove)
    OS_PendListRemove1                       0x08002621   Thumb Code    54  os_core.o(i.OS_PendListRemove1)
    OS_Post                                  0x08002657   Thumb Code   152  os_core.o(i.OS_Post)
    OS_Post1                                 0x080026ef   Thumb Code    38  os_core.o(i.OS_Post1)
    OS_PrioGetHighest                        0x08002715   Thumb Code    32  os_prio.o(i.OS_PrioGetHighest)
    OS_PrioInit                              0x08002739   Thumb Code     8  os_prio.o(i.OS_PrioInit)
    OS_PrioInsert                            0x08002745   Thumb Code    28  os_prio.o(i.OS_PrioInsert)
    OS_PrioRemove                            0x08002765   Thumb Code    28  os_prio.o(i.OS_PrioRemove)
    OS_QInit                                 0x08002785   Thumb Code    14  os_q.o(i.OS_QInit)
    OS_QPost                                 0x0800279d   Thumb Code   252  os_q.o(i.OS_QPost)
    OS_RdyListInit                           0x080028a1   Thumb Code    32  os_core.o(i.OS_RdyListInit)
    OS_RdyListInsert                         0x080028c5   Thumb Code    42  os_core.o(i.OS_RdyListInsert)
    OS_RdyListInsertHead                     0x080028f5   Thumb Code    52  os_core.o(i.OS_RdyListInsertHead)
    OS_RdyListInsertTail                     0x0800292d   Thumb Code    48  os_core.o(i.OS_RdyListInsertTail)
    OS_RdyListMoveHeadToTail                 0x08002961   Thumb Code    52  os_core.o(i.OS_RdyListMoveHeadToTail)
    OS_RdyListRemove                         0x08002995   Thumb Code    78  os_core.o(i.OS_RdyListRemove)
    OS_Sched0                                0x080029e9   Thumb Code    50  os_core.o(i.OS_Sched0)
    OS_SchedLockTimeMeasStart                0x08002a31   Thumb Code    20  os_core.o(i.OS_SchedLockTimeMeasStart)
    OS_SchedLockTimeMeasStop                 0x08002a4d   Thumb Code    42  os_core.o(i.OS_SchedLockTimeMeasStop)
    OS_SchedRoundRobin                       0x08002a89   Thumb Code    88  os_core.o(i.OS_SchedRoundRobin)
    OS_SemInit                               0x08002af1   Thumb Code    14  os_sem.o(i.OS_SemInit)
    OS_SemPost                               0x08002b09   Thumb Code   224  os_sem.o(i.OS_SemPost)
    OS_StatTask                              0x08002bed   Thumb Code   602  os_stat.o(i.OS_StatTask)
    OS_StatTaskInit                          0x08002e91   Thumb Code   118  os_stat.o(i.OS_StatTaskInit)
    OS_TaskBlock                             0x08002f4d   Thumb Code    42  os_core.o(i.OS_TaskBlock)
    OS_TaskDbgListAdd                        0x08002f79   Thumb Code    30  os_task.o(i.OS_TaskDbgListAdd)
    OS_TaskDbgListRemove                     0x08002f9d   Thumb Code    50  os_task.o(i.OS_TaskDbgListRemove)
    OS_TaskInit                              0x08002fd5   Thumb Code    18  os_task.o(i.OS_TaskInit)
    OS_TaskInitTCB                           0x08002ff5   Thumb Code   188  os_task.o(i.OS_TaskInitTCB)
    OS_TaskQPost                             0x080030bd   Thumb Code   310  os_task.o(i.OS_TaskQPost)
    OS_TaskRdy                               0x08003201   Thumb Code    28  os_core.o(i.OS_TaskRdy)
    OS_TaskResume                            0x0800321d   Thumb Code   252  os_task.o(i.OS_TaskResume)
    OS_TaskReturn                            0x0800331d   Thumb Code    20  os_task.o(i.OS_TaskReturn)
    OS_TaskSemPost                           0x08003335   Thumb Code   380  os_task.o(i.OS_TaskSemPost)
    OS_TaskSuspend                           0x080034bd   Thumb Code   224  os_task.o(i.OS_TaskSuspend)
    OS_TickListInit                          0x080035a5   Thumb Code    34  os_tick.o(i.OS_TickListInit)
    OS_TickListInsert                        0x080035d1   Thumb Code   202  os_tick.o(i.OS_TickListInsert)
    OS_TickListRemove                        0x080036a9   Thumb Code    54  os_tick.o(i.OS_TickListRemove)
    OS_TickListResetPeak                     0x080036e1   Thumb Code    30  os_tick.o(i.OS_TickListResetPeak)
    OS_TickListUpdate                        0x08003709   Thumb Code   354  os_tick.o(i.OS_TickListUpdate)
    OS_TickTask                              0x08003885   Thumb Code    36  os_tick.o(i.OS_TickTask)
    OS_TickTaskInit                          0x080038ad   Thumb Code   112  os_tick.o(i.OS_TickTaskInit)
    OS_TmrInit                               0x08003955   Thumb Code   172  os_tmr.o(i.OS_TmrInit)
    OS_TmrLink                               0x08003a59   Thumb Code   140  os_tmr.o(i.OS_TmrLink)
    OS_TmrResetPeak                          0x08003af1   Thumb Code    30  os_tmr.o(i.OS_TmrResetPeak)
    OS_TmrTask                               0x08003b19   Thumb Code   146  os_tmr.o(i.OS_TmrTask)
    OS_TmrUnlink                             0x08003bbd   Thumb Code    68  os_tmr.o(i.OS_TmrUnlink)
    PWM1_task                                0x08003c09   Thumb Code    34  main.o(i.PWM1_task)
    SVC_Handler                              0x08003c31   Thumb Code     2  stm32f1xx_it.o(i.SVC_Handler)
    SystemClock_Config                       0x08003c33   Thumb Code    94  main.o(i.SystemClock_Config)
    SystemInit                               0x08003c91   Thumb Code     2  system_stm32f1xx.o(i.SystemInit)
    UsageFault_Handler                       0x08003c93   Thumb Code     2  stm32f1xx_it.o(i.UsageFault_Handler)
    main                                     0x08003cb5   Thumb Code   176  main.o(i.main)
    start_task                               0x08003d81   Thumb Code   212  main.o(i.start_task)
    AHBPrescTable                            0x08003e88   Data          16  system_stm32f1xx.o(.constdata)
    OSCfg_IdleTaskStkBasePtr                 0x08003e98   Data           4  os_cfg_app.o(.constdata)
    OSCfg_IdleTaskStkLimit                   0x08003e9c   Data           4  os_cfg_app.o(.constdata)
    OSCfg_IdleTaskStkSize                    0x08003ea0   Data           4  os_cfg_app.o(.constdata)
    OSCfg_IntQBasePtr                        0x08003ea4   Data           4  os_cfg_app.o(.constdata)
    OSCfg_IntQSize                           0x08003ea8   Data           2  os_cfg_app.o(.constdata)
    OSCfg_IntQTaskStkBasePtr                 0x08003eac   Data           4  os_cfg_app.o(.constdata)
    OSCfg_IntQTaskStkLimit                   0x08003eb0   Data           4  os_cfg_app.o(.constdata)
    OSCfg_IntQTaskStkSize                    0x08003eb4   Data           4  os_cfg_app.o(.constdata)
    OSCfg_ISRStkBasePtr                      0x08003eb8   Data           4  os_cfg_app.o(.constdata)
    OSCfg_ISRStkSize                         0x08003ebc   Data           4  os_cfg_app.o(.constdata)
    OSCfg_MsgPoolSize                        0x08003ec0   Data           2  os_cfg_app.o(.constdata)
    OSCfg_MsgPoolBasePtr                     0x08003ec4   Data           4  os_cfg_app.o(.constdata)
    OSCfg_StatTaskPrio                       0x08003ec8   Data           1  os_cfg_app.o(.constdata)
    OSCfg_StatTaskRate_Hz                    0x08003ecc   Data           4  os_cfg_app.o(.constdata)
    OSCfg_StatTaskStkBasePtr                 0x08003ed0   Data           4  os_cfg_app.o(.constdata)
    OSCfg_StatTaskStkLimit                   0x08003ed4   Data           4  os_cfg_app.o(.constdata)
    OSCfg_StatTaskStkSize                    0x08003ed8   Data           4  os_cfg_app.o(.constdata)
    OSCfg_StkSizeMin                         0x08003edc   Data           4  os_cfg_app.o(.constdata)
    OSCfg_TickRate_Hz                        0x08003ee0   Data           4  os_cfg_app.o(.constdata)
    OSCfg_TickTaskPrio                       0x08003ee4   Data           1  os_cfg_app.o(.constdata)
    OSCfg_TickTaskStkBasePtr                 0x08003ee8   Data           4  os_cfg_app.o(.constdata)
    OSCfg_TickTaskStkLimit                   0x08003eec   Data           4  os_cfg_app.o(.constdata)
    OSCfg_TickTaskStkSize                    0x08003ef0   Data           4  os_cfg_app.o(.constdata)
    OSCfg_TickWheelSize                      0x08003ef4   Data           2  os_cfg_app.o(.constdata)
    OSCfg_TmrTaskPrio                        0x08003ef6   Data           1  os_cfg_app.o(.constdata)
    OSCfg_TmrTaskRate_Hz                     0x08003ef8   Data           4  os_cfg_app.o(.constdata)
    OSCfg_TmrTaskStkBasePtr                  0x08003efc   Data           4  os_cfg_app.o(.constdata)
    OSCfg_TmrTaskStkLimit                    0x08003f00   Data           4  os_cfg_app.o(.constdata)
    OSCfg_TmrTaskStkSize                     0x08003f04   Data           4  os_cfg_app.o(.constdata)
    OSCfg_TmrWheelSize                       0x08003f08   Data           2  os_cfg_app.o(.constdata)
    Region$$Table$$Base                      0x08003f0c   Number         0  anon$$obj.o(Region$$Table)
    Region$$Table$$Limit                     0x08003f2c   Number         0  anon$$obj.o(Region$$Table)
    uwTickFreq                               0x20000000   Data           1  stm32f1xx_hal.o(.data)
    uwTickPrio                               0x20000004   Data           4  stm32f1xx_hal.o(.data)
    uwTick                                   0x20000008   Data           4  stm32f1xx_hal.o(.data)
    SystemCoreClock                          0x2000000c   Data           4  system_stm32f1xx.o(.data)
    CPU_IntDisMeasCtr                        0x20000010   Data           2  cpu_core.o(.data)
    CPU_IntDisNestCtr                        0x20000012   Data           2  cpu_core.o(.data)
    CPU_TS_TmrFreq_Hz                        0x20000014   Data           4  cpu_core.o(.data)
    CPU_IntDisMeasStart_cnts                 0x20000018   Data           4  cpu_core.o(.data)
    CPU_IntDisMeasStop_cnts                  0x2000001c   Data           4  cpu_core.o(.data)
    CPU_IntDisMeasOvrhd_cnts                 0x20000020   Data           4  cpu_core.o(.data)
    CPU_IntDisMeasMaxCur_cnts                0x20000024   Data           4  cpu_core.o(.data)
    CPU_IntDisMeasMax_cnts                   0x20000028   Data           4  cpu_core.o(.data)
    OS_CPU_ExceptStkBase                     0x2000002c   Data           4  os_cpu_c.o(.data)
    OSPrioTbl                                0x20000030   Data           4  os_prio.o(.data)
    OS_AppTaskCreateHookPtr                  0x20000034   Data           4  os_var.o(.data)
    OS_AppTaskDelHookPtr                     0x20000038   Data           4  os_var.o(.data)
    OS_AppTaskReturnHookPtr                  0x2000003c   Data           4  os_var.o(.data)
    OS_AppIdleTaskHookPtr                    0x20000040   Data           4  os_var.o(.data)
    OS_AppStatTaskHookPtr                    0x20000044   Data           4  os_var.o(.data)
    OS_AppTaskSwHookPtr                      0x20000048   Data           4  os_var.o(.data)
    OS_AppTimeTickHookPtr                    0x2000004c   Data           4  os_var.o(.data)
    OSIdleTaskCtr                            0x20000050   Data           4  os_var.o(.data)
    OSIntNestingCtr                          0x20000054   Data           1  os_var.o(.data)
    OSIntDisTimeMax                          0x20000058   Data           4  os_var.o(.data)
    OSRunning                                0x2000005c   Data           1  os_var.o(.data)
    OSIntQInPtr                              0x20000060   Data           4  os_var.o(.data)
    OSIntQOutPtr                             0x20000064   Data           4  os_var.o(.data)
    OSIntQNbrEntries                         0x20000068   Data           2  os_var.o(.data)
    OSIntQNbrEntriesMax                      0x2000006a   Data           2  os_var.o(.data)
    OSIntQOvfCtr                             0x2000006c   Data           2  os_var.o(.data)
    OSIntQTaskTimeMax                        0x20000070   Data           4  os_var.o(.data)
    OSFlagDbgListPtr                         0x20000074   Data           4  os_var.o(.data)
    OSFlagQty                                0x20000078   Data           2  os_var.o(.data)
    OSMemDbgListPtr                          0x2000007c   Data           4  os_var.o(.data)
    OSMemQty                                 0x20000080   Data           2  os_var.o(.data)
    OSMutexDbgListPtr                        0x20000084   Data           4  os_var.o(.data)
    OSMutexQty                               0x20000088   Data           2  os_var.o(.data)
    OSPrioCur                                0x2000008a   Data           1  os_var.o(.data)
    OSPrioHighRdy                            0x2000008b   Data           1  os_var.o(.data)
    OSPrioSaved                              0x2000008c   Data           1  os_var.o(.data)
    OSQDbgListPtr                            0x20000090   Data           4  os_var.o(.data)
    OSQQty                                   0x20000094   Data           2  os_var.o(.data)
    OSSchedLockTimeBegin                     0x20000098   Data           4  os_var.o(.data)
    OSSchedLockTimeMax                       0x2000009c   Data           4  os_var.o(.data)
    OSSchedLockTimeMaxCur                    0x200000a0   Data           4  os_var.o(.data)
    OSSchedLockNestingCtr                    0x200000a4   Data           1  os_var.o(.data)
    OSSchedRoundRobinDfltTimeQuanta          0x200000a8   Data           4  os_var.o(.data)
    OSSchedRoundRobinEn                      0x200000ac   Data           1  os_var.o(.data)
    OSSemDbgListPtr                          0x200000b0   Data           4  os_var.o(.data)
    OSSemQty                                 0x200000b4   Data           2  os_var.o(.data)
    OSStatResetFlag                          0x200000b6   Data           1  os_var.o(.data)
    OSStatTaskCPUUsage                       0x200000b8   Data           2  os_var.o(.data)
    OSStatTaskCPUUsageMax                    0x200000ba   Data           2  os_var.o(.data)
    OSStatTaskCtr                            0x200000bc   Data           4  os_var.o(.data)
    OSStatTaskCtrMax                         0x200000c0   Data           4  os_var.o(.data)
    OSStatTaskCtrRun                         0x200000c4   Data           4  os_var.o(.data)
    OSStatTaskRdy                            0x200000c8   Data           1  os_var.o(.data)
    OSStatTaskTimeMax                        0x200000cc   Data           4  os_var.o(.data)
    OSTaskCtxSwCtr                           0x200000d0   Data           4  os_var.o(.data)
    OSTaskDbgListPtr                         0x200000d4   Data           4  os_var.o(.data)
    OSTaskQty                                0x200000d8   Data           2  os_var.o(.data)
    OSTaskRegNextAvailID                     0x200000da   Data           1  os_var.o(.data)
    OSTickCtr                                0x200000dc   Data           4  os_var.o(.data)
    OSTickTaskTimeMax                        0x200000e0   Data           4  os_var.o(.data)
    OSTmrDbgListPtr                          0x200000e4   Data           4  os_var.o(.data)
    OSTmrTaskTimeMax                         0x200000e8   Data           4  os_var.o(.data)
    OSTmrTickCtr                             0x200000ec   Data           4  os_var.o(.data)
    OSTmrUpdateCnt                           0x200000f0   Data           4  os_var.o(.data)
    OSTmrUpdateCtr                           0x200000f4   Data           4  os_var.o(.data)
    OSTCBCurPtr                              0x200000f8   Data           4  os_var.o(.data)
    OSTCBHighRdyPtr                          0x200000fc   Data           4  os_var.o(.data)
    starttaskTCB                             0x20000100   Data         200  main.o(.bss)
    START_TASK_STK                           0x200001c8   Data         512  main.o(.bss)
    LED0TCB                                  0x200003c8   Data         200  main.o(.bss)
    LED0_TASK_STK                            0x20000490   Data         512  main.o(.bss)
    PWM1_TCB                                 0x20000690   Data         200  main.o(.bss)
    PWM1_TASK_STK                            0x20000758   Data         512  main.o(.bss)
    CPU_Name                                 0x20000958   Data          16  cpu_core.o(.bss)
    OSCfg_IdleTaskStk                        0x20000968   Data         512  os_cfg_app.o(.bss)
    OSCfg_IntQ                               0x20000b68   Data         320  os_cfg_app.o(.bss)
    OSCfg_IntQTaskStk                        0x20000ca8   Data         512  os_cfg_app.o(.bss)
    OSCfg_ISRStk                             0x20000ea8   Data         512  os_cfg_app.o(.bss)
    OSCfg_MsgPool                            0x200010a8   Data        1600  os_cfg_app.o(.bss)
    OSCfg_StatTaskStk                        0x200016e8   Data         512  os_cfg_app.o(.bss)
    OSCfg_TickTaskStk                        0x200018e8   Data         512  os_cfg_app.o(.bss)
    OSCfg_TickWheel                          0x20001ae8   Data         136  os_cfg_app.o(.bss)
    OSCfg_TmrTaskStk                         0x20001b70   Data         512  os_cfg_app.o(.bss)
    OSCfg_TmrWheel                           0x20001d70   Data         136  os_cfg_app.o(.bss)
    OSIdleTaskTCB                            0x20001df8   Data         200  os_var.o(.bss)
    OSIntQTaskTCB                            0x20001ec0   Data         200  os_var.o(.bss)
    OSMsgPool                                0x20001f88   Data          12  os_var.o(.bss)
    OSRdyList                                0x20001f94   Data         384  os_var.o(.bss)
    OSStatTaskTCB                            0x20002114   Data         200  os_var.o(.bss)
    OSTickTaskTCB                            0x200021dc   Data         200  os_var.o(.bss)
    OSTmrTaskTCB                             0x200022a4   Data         200  os_var.o(.bss)
    __libspace_start                         0x2000236c   Data          96  libspace.o(.bss)
    __temporary_stack_top$libspace           0x200023cc   Data           0  libspace.o(.bss)



==============================================================================

Memory Map of the image

  Image Entry point : 0x08000131

  Load Region LR_IROM1 (Base: 0x08000000, Size: 0x0000402c, Max: 0x00080000, ABSOLUTE)

    Execution Region ER_IROM1 (Exec base: 0x08000000, Load base: 0x08000000, Size: 0x00003f2c, Max: 0x00080000, ABSOLUTE)

    Exec Addr    Load Addr    Size         Type   Attr      Idx    E Section Name        Object

    0x08000000   0x08000000   0x00000130   Data   RO            3    RESET               startup_stm32f103xe.o
    0x08000130   0x08000130   0x00000008   Code   RO         3509  * !!!main             c_w.l(__main.o)
    0x08000138   0x08000138   0x00000034   Code   RO         3668    !!!scatter          c_w.l(__scatter.o)
    0x0800016c   0x0800016c   0x0000001a   Code   RO         3670    !!handler_copy      c_w.l(__scatter_copy.o)
    0x08000186   0x08000186   0x00000002   PAD
    0x08000188   0x08000188   0x0000001c   Code   RO         3672    !!handler_zi        c_w.l(__scatter_zi.o)
    0x080001a4   0x080001a4   0x00000002   Code   RO         3536    .ARM.Collect$$libinit$$00000000  c_w.l(libinit.o)
    0x080001a6   0x080001a6   0x00000000   Code   RO         3543    .ARM.Collect$$libinit$$00000002  c_w.l(libinit2.o)
    0x080001a6   0x080001a6   0x00000000   Code   RO         3545    .ARM.Collect$$libinit$$00000004  c_w.l(libinit2.o)
    0x080001a6   0x080001a6   0x00000000   Code   RO         3548    .ARM.Collect$$libinit$$0000000A  c_w.l(libinit2.o)
    0x080001a6   0x080001a6   0x00000000   Code   RO         3550    .ARM.Collect$$libinit$$0000000C  c_w.l(libinit2.o)
    0x080001a6   0x080001a6   0x00000000   Code   RO         3552    .ARM.Collect$$libinit$$0000000E  c_w.l(libinit2.o)
    0x080001a6   0x080001a6   0x00000000   Code   RO         3555    .ARM.Collect$$libinit$$00000011  c_w.l(libinit2.o)
    0x080001a6   0x080001a6   0x00000000   Code   RO         3557    .ARM.Collect$$libinit$$00000013  c_w.l(libinit2.o)
    0x080001a6   0x080001a6   0x00000000   Code   RO         3559    .ARM.Collect$$libinit$$00000015  c_w.l(libinit2.o)
    0x080001a6   0x080001a6   0x00000000   Code   RO         3561    .ARM.Collect$$libinit$$00000017  c_w.l(libinit2.o)
    0x080001a6   0x080001a6   0x00000000   Code   RO         3563    .ARM.Collect$$libinit$$00000019  c_w.l(libinit2.o)
    0x080001a6   0x080001a6   0x00000000   Code   RO         3565    .ARM.Collect$$libinit$$0000001B  c_w.l(libinit2.o)
    0x080001a6   0x080001a6   0x00000000   Code   RO         3567    .ARM.Collect$$libinit$$0000001D  c_w.l(libinit2.o)
    0x080001a6   0x080001a6   0x00000000   Code   RO         3569    .ARM.Collect$$libinit$$0000001F  c_w.l(libinit2.o)
    0x080001a6   0x080001a6   0x00000000   Code   RO         3571    .ARM.Collect$$libinit$$00000021  c_w.l(libinit2.o)
    0x080001a6   0x080001a6   0x00000000   Code   RO         3573    .ARM.Collect$$libinit$$00000023  c_w.l(libinit2.o)
    0x080001a6   0x080001a6   0x00000000   Code   RO         3575    .ARM.Collect$$libinit$$00000025  c_w.l(libinit2.o)
    0x080001a6   0x080001a6   0x00000000   Code   RO         3579    .ARM.Collect$$libinit$$0000002C  c_w.l(libinit2.o)
    0x080001a6   0x080001a6   0x00000000   Code   RO         3581    .ARM.Collect$$libinit$$0000002E  c_w.l(libinit2.o)
    0x080001a6   0x080001a6   0x00000000   Code   RO         3583    .ARM.Collect$$libinit$$00000030  c_w.l(libinit2.o)
    0x080001a6   0x080001a6   0x00000000   Code   RO         3585    .ARM.Collect$$libinit$$00000032  c_w.l(libinit2.o)
    0x080001a6   0x080001a6   0x00000002   Code   RO         3586    .ARM.Collect$$libinit$$00000033  c_w.l(libinit2.o)
    0x080001a8   0x080001a8   0x00000002   Code   RO         3606    .ARM.Collect$$libshutdown$$00000000  c_w.l(libshutdown.o)
    0x080001aa   0x080001aa   0x00000000   Code   RO         3619    .ARM.Collect$$libshutdown$$00000002  c_w.l(libshutdown2.o)
    0x080001aa   0x080001aa   0x00000000   Code   RO         3621    .ARM.Collect$$libshutdown$$00000004  c_w.l(libshutdown2.o)
    0x080001aa   0x080001aa   0x00000000   Code   RO         3623    .ARM.Collect$$libshutdown$$00000006  c_w.l(libshutdown2.o)
    0x080001aa   0x080001aa   0x00000000   Code   RO         3626    .ARM.Collect$$libshutdown$$00000009  c_w.l(libshutdown2.o)
    0x080001aa   0x080001aa   0x00000000   Code   RO         3629    .ARM.Collect$$libshutdown$$0000000C  c_w.l(libshutdown2.o)
    0x080001aa   0x080001aa   0x00000000   Code   RO         3631    .ARM.Collect$$libshutdown$$0000000E  c_w.l(libshutdown2.o)
    0x080001aa   0x080001aa   0x00000000   Code   RO         3634    .ARM.Collect$$libshutdown$$00000011  c_w.l(libshutdown2.o)
    0x080001aa   0x080001aa   0x00000002   Code   RO         3635    .ARM.Collect$$libshutdown$$00000012  c_w.l(libshutdown2.o)
    0x080001ac   0x080001ac   0x00000000   Code   RO         3511    .ARM.Collect$$rtentry$$00000000  c_w.l(__rtentry.o)
    0x080001ac   0x080001ac   0x00000000   Code   RO         3513    .ARM.Collect$$rtentry$$00000002  c_w.l(__rtentry2.o)
    0x080001ac   0x080001ac   0x00000006   Code   RO         3525    .ARM.Collect$$rtentry$$00000004  c_w.l(__rtentry4.o)
    0x080001b2   0x080001b2   0x00000000   Code   RO         3515    .ARM.Collect$$rtentry$$00000009  c_w.l(__rtentry2.o)
    0x080001b2   0x080001b2   0x00000004   Code   RO         3516    .ARM.Collect$$rtentry$$0000000A  c_w.l(__rtentry2.o)
    0x080001b6   0x080001b6   0x00000000   Code   RO         3518    .ARM.Collect$$rtentry$$0000000C  c_w.l(__rtentry2.o)
    0x080001b6   0x080001b6   0x00000008   Code   RO         3519    .ARM.Collect$$rtentry$$0000000D  c_w.l(__rtentry2.o)
    0x080001be   0x080001be   0x00000002   Code   RO         3540    .ARM.Collect$$rtexit$$00000000  c_w.l(rtexit.o)
    0x080001c0   0x080001c0   0x00000000   Code   RO         3588    .ARM.Collect$$rtexit$$00000002  c_w.l(rtexit2.o)
    0x080001c0   0x080001c0   0x00000004   Code   RO         3589    .ARM.Collect$$rtexit$$00000003  c_w.l(rtexit2.o)
    0x080001c4   0x080001c4   0x00000006   Code   RO         3590    .ARM.Collect$$rtexit$$00000004  c_w.l(rtexit2.o)
    0x080001ca   0x080001ca   0x00000002   PAD
    0x080001cc   0x080001cc   0x00000040   Code   RO            4    .text               startup_stm32f103xe.o
    0x0800020c   0x0800020c   0x00000034   Code   RO         1978    .text               cpu_a.o
    0x08000240   0x08000240   0x0000004e   Code   RO         3505    .text               c_w.l(rt_memclr_w.o)
    0x0800028e   0x0800028e   0x00000006   Code   RO         3507    .text               c_w.l(heapauxi.o)
    0x08000294   0x08000294   0x0000004a   Code   RO         3527    .text               c_w.l(sys_stackheap_outer.o)
    0x080002de   0x080002de   0x00000012   Code   RO         3529    .text               c_w.l(exit.o)
    0x080002f0   0x080002f0   0x00000008   Code   RO         3537    .text               c_w.l(libspace.o)
    0x080002f8   0x080002f8   0x0000000c   Code   RO         3598    .text               c_w.l(sys_exit.o)
    0x08000304   0x08000304   0x00000002   Code   RO         3609    .text               c_w.l(use_no_semi.o)
    0x08000306   0x08000306   0x00000000   Code   RO         3611    .text               c_w.l(indicate_semi.o)
    0x08000306   0x08000306   0x00000002   PAD
    0x08000308   0x08000308   0x00000084   Code   RO         2183    CODE                os_cpu_a.o
    0x0800038c   0x0800038c   0x00000002   Code   RO          250    i.BusFault_Handler  stm32f1xx_it.o
    0x0800038e   0x0800038e   0x00000002   PAD
    0x08000390   0x08000390   0x0000001c   Code   RO         2037    i.CPU_Init          cpu_core.o
    0x080003ac   0x080003ac   0x0000004c   Code   RO         2038    i.CPU_IntDisMeasInit  cpu_core.o
    0x080003f8   0x080003f8   0x00000014   Code   RO         2039    i.CPU_IntDisMeasMaxCalc  cpu_core.o
    0x0800040c   0x0800040c   0x0000001c   Code   RO         2040    i.CPU_IntDisMeasMaxCurGet  cpu_core.o
    0x08000428   0x08000428   0x00000020   Code   RO         2041    i.CPU_IntDisMeasMaxCurReset  cpu_core.o
    0x08000448   0x08000448   0x0000001c   Code   RO         2042    i.CPU_IntDisMeasMaxGet  cpu_core.o
    0x08000464   0x08000464   0x00000020   Code   RO         2043    i.CPU_IntDisMeasStart  cpu_core.o
    0x08000484   0x08000484   0x00000030   Code   RO         2044    i.CPU_IntDisMeasStop  cpu_core.o
    0x080004b4   0x080004b4   0x00000028   Code   RO         2045    i.CPU_NameClr       cpu_core.o
    0x080004dc   0x080004dc   0x0000000c   Code   RO         2051    i.CPU_TS_TmrFreqSet  cpu_core.o
    0x080004e8   0x080004e8   0x00000030   Code   RO         1511    i.CPU_TS_TmrInit    bsp.o
    0x08000518   0x08000518   0x0000000c   Code   RO         1512    i.CPU_TS_TmrRd      bsp.o
    0x08000524   0x08000524   0x00000002   Code   RO          251    i.DebugMon_Handler  stm32f1xx_it.o
    0x08000526   0x08000526   0x00000014   Code   RO          252    i.EXTI0_IRQHandler  stm32f1xx_it.o
    0x0800053a   0x0800053a   0x00000002   PAD
    0x0800053c   0x0800053c   0x00000014   Code   RO          220    i.HAL_GPIO_EXTI_Callback  gpio.o
    0x08000550   0x08000550   0x00000018   Code   RO          741    i.HAL_GPIO_EXTI_IRQHandler  stm32f1xx_hal_gpio.o
    0x08000568   0x08000568   0x000001f8   Code   RO          742    i.HAL_GPIO_Init     stm32f1xx_hal_gpio.o
    0x08000760   0x08000760   0x00000010   Code   RO          745    i.HAL_GPIO_TogglePin  stm32f1xx_hal_gpio.o
    0x08000770   0x08000770   0x0000000a   Code   RO          746    i.HAL_GPIO_WritePin  stm32f1xx_hal_gpio.o
    0x0800077a   0x0800077a   0x00000002   PAD
    0x0800077c   0x0800077c   0x0000000c   Code   RO          438    i.HAL_GetTick       stm32f1xx_hal.o
    0x08000788   0x08000788   0x00000024   Code   RO          445    i.HAL_Init          stm32f1xx_hal.o
    0x080007ac   0x080007ac   0x00000040   Code   RO          446    i.HAL_InitTick      stm32f1xx_hal.o
    0x080007ec   0x080007ec   0x00000044   Code   RO          331    i.HAL_MspInit       stm32f1xx_hal_msp.o
    0x08000830   0x08000830   0x0000001a   Code   RO          902    i.HAL_NVIC_EnableIRQ  stm32f1xx_hal_cortex.o
    0x0800084a   0x0800084a   0x00000002   PAD
    0x0800084c   0x0800084c   0x00000040   Code   RO          908    i.HAL_NVIC_SetPriority  stm32f1xx_hal_cortex.o
    0x0800088c   0x0800088c   0x00000024   Code   RO          909    i.HAL_NVIC_SetPriorityGrouping  stm32f1xx_hal_cortex.o
    0x080008b0   0x080008b0   0x0000012c   Code   RO          602    i.HAL_RCC_ClockConfig  stm32f1xx_hal_rcc.o
    0x080009dc   0x080009dc   0x0000000c   Code   RO          607    i.HAL_RCC_GetHCLKFreq  stm32f1xx_hal_rcc.o
    0x080009e8   0x080009e8   0x0000006c   Code   RO          611    i.HAL_RCC_GetSysClockFreq  stm32f1xx_hal_rcc.o
    0x08000a54   0x08000a54   0x00000320   Code   RO          614    i.HAL_RCC_OscConfig  stm32f1xx_hal_rcc.o
    0x08000d74   0x08000d74   0x00000028   Code   RO          913    i.HAL_SYSTICK_Config  stm32f1xx_hal_cortex.o
    0x08000d9c   0x08000d9c   0x00000002   Code   RO          253    i.HardFault_Handler  stm32f1xx_it.o
    0x08000d9e   0x08000d9e   0x00000002   PAD
    0x08000da0   0x08000da0   0x0000002c   Code   RO           14    i.LED_task          main.o
    0x08000dcc   0x08000dcc   0x00000098   Code   RO          221    i.MX_GPIO_Init      gpio.o
    0x08000e64   0x08000e64   0x00000002   Code   RO          254    i.MemManage_Handler  stm32f1xx_it.o
    0x08000e66   0x08000e66   0x00000008   Code   RO         1704    i.Mem_Clr           lib_mem.o
    0x08000e6e   0x08000e6e   0x00000002   PAD
    0x08000e70   0x08000e70   0x0000004c   Code   RO         1721    i.Mem_Set           lib_mem.o
    0x08000ebc   0x08000ebc   0x00000002   Code   RO          255    i.NMI_Handler       stm32f1xx_it.o
    0x08000ebe   0x08000ebe   0x00000002   Code   RO         2264    i.OSCfg_Init        os_cfg_app.o
    0x08000ec0   0x08000ec0   0x00000010   Code   RO         2186    i.OSIdleTaskHook    os_cpu_c.o
    0x08000ed0   0x08000ed0   0x00000184   Code   RO         2336    i.OSInit            os_core.o
    0x08001054   0x08001054   0x00000034   Code   RO         2187    i.OSInitHook        os_cpu_c.o
    0x08001088   0x08001088   0x00000020   Code   RO         2337    i.OSIntEnter        os_core.o
    0x080010a8   0x080010a8   0x00000090   Code   RO         2338    i.OSIntExit         os_core.o
    0x08001138   0x08001138   0x0000007c   Code   RO         2339    i.OSSched           os_core.o
    0x080011b4   0x080011b4   0x0000005c   Code   RO         2340    i.OSSchedLock       os_core.o
    0x08001210   0x08001210   0x00000074   Code   RO         2343    i.OSSchedUnlock     os_core.o
    0x08001284   0x08001284   0x00000058   Code   RO         2344    i.OSStart           os_core.o
    0x080012dc   0x080012dc   0x000000f8   Code   RO         3046    i.OSStatReset       os_stat.o
    0x080013d4   0x080013d4   0x00000010   Code   RO         2188    i.OSStatTaskHook    os_cpu_c.o
    0x080013e4   0x080013e4   0x000001f8   Code   RO         3077    i.OSTaskCreate      os_task.o
    0x080015dc   0x080015dc   0x00000010   Code   RO         2189    i.OSTaskCreateHook  os_cpu_c.o
    0x080015ec   0x080015ec   0x0000016c   Code   RO         3078    i.OSTaskDel         os_task.o
    0x08001758   0x08001758   0x00000010   Code   RO         2190    i.OSTaskDelHook     os_cpu_c.o
    0x08001768   0x08001768   0x00000010   Code   RO         2191    i.OSTaskReturnHook  os_cpu_c.o
    0x08001778   0x08001778   0x00000170   Code   RO         3087    i.OSTaskSemPend     os_task.o
    0x080018e8   0x080018e8   0x000000ac   Code   RO         3091    i.OSTaskStkChk      os_task.o
    0x08001994   0x08001994   0x00000070   Code   RO         2192    i.OSTaskStkInit     os_cpu_c.o
    0x08001a04   0x08001a04   0x00000068   Code   RO         2193    i.OSTaskSwHook      os_cpu_c.o
    0x08001a6c   0x08001a6c   0x000000ec   Code   RO         3292    i.OSTimeDly         os_time.o
    0x08001b58   0x08001b58   0x00000188   Code   RO         3293    i.OSTimeDlyHMSM     os_time.o
    0x08001ce0   0x08001ce0   0x00000040   Code   RO         3297    i.OSTimeTick        os_time.o
    0x08001d20   0x08001d20   0x00000010   Code   RO         2194    i.OSTimeTickHook    os_cpu_c.o
    0x08001d30   0x08001d30   0x00000030   Code   RO         2195    i.OS_CPU_SysTickHandler  os_cpu_c.o
    0x08001d60   0x08001d60   0x00000002   Code   RO         2574    i.OS_Dbg_Init       os_dbg.o
    0x08001d62   0x08001d62   0x00000002   PAD
    0x08001d64   0x08001d64   0x00000018   Code   RO         2600    i.OS_FlagInit       os_flag.o
    0x08001d7c   0x08001d7c   0x00000188   Code   RO         2601    i.OS_FlagPost       os_flag.o
    0x08001f04   0x08001f04   0x00000044   Code   RO         2602    i.OS_FlagTaskRdy    os_flag.o
    0x08001f48   0x08001f48   0x00000034   Code   RO         2346    i.OS_IdleTask       os_core.o
    0x08001f7c   0x08001f7c   0x00000068   Code   RO         2347    i.OS_IdleTaskInit   os_core.o
    0x08001fe4   0x08001fe4   0x000000b8   Code   RO         2673    i.OS_IntQPost       os_int.o
    0x0800209c   0x0800209c   0x0000011c   Code   RO         2674    i.OS_IntQRePost     os_int.o
    0x080021b8   0x080021b8   0x00000088   Code   RO         2675    i.OS_IntQTask       os_int.o
    0x08002240   0x08002240   0x00000118   Code   RO         2676    i.OS_IntQTaskInit   os_int.o
    0x08002358   0x08002358   0x00000018   Code   RO         2707    i.OS_MemInit        os_mem.o
    0x08002370   0x08002370   0x00000068   Code   RO         2739    i.OS_MsgPoolInit    os_msg.o
    0x080023d8   0x080023d8   0x00000034   Code   RO         2740    i.OS_MsgQFreeAll    os_msg.o
    0x0800240c   0x0800240c   0x0000000e   Code   RO         2742    i.OS_MsgQInit       os_msg.o
    0x0800241a   0x0800241a   0x00000002   PAD
    0x0800241c   0x0800241c   0x00000088   Code   RO         2743    i.OS_MsgQPut        os_msg.o
    0x080024a4   0x080024a4   0x00000018   Code   RO         2783    i.OS_MutexInit      os_mutex.o
    0x080024bc   0x080024bc   0x00000050   Code   RO         2348    i.OS_Pend           os_core.o
    0x0800250c   0x0800250c   0x00000030   Code   RO         2351    i.OS_PendDataInit   os_core.o
    0x0800253c   0x0800253c   0x00000048   Code   RO         2352    i.OS_PendDbgNameAdd  os_core.o
    0x08002584   0x08002584   0x0000001c   Code   RO         2353    i.OS_PendDbgNameRemove  os_core.o
    0x080025a0   0x080025a0   0x0000005a   Code   RO         2357    i.OS_PendListInsertPrio  os_core.o
    0x080025fa   0x080025fa   0x00000026   Code   RO         2358    i.OS_PendListRemove  os_core.o
    0x08002620   0x08002620   0x00000036   Code   RO         2359    i.OS_PendListRemove1  os_core.o
    0x08002656   0x08002656   0x00000098   Code   RO         2362    i.OS_Post           os_core.o
    0x080026ee   0x080026ee   0x00000026   Code   RO         2363    i.OS_Post1          os_core.o
    0x08002714   0x08002714   0x00000024   Code   RO         2865    i.OS_PrioGetHighest  os_prio.o
    0x08002738   0x08002738   0x0000000c   Code   RO         2866    i.OS_PrioInit       os_prio.o
    0x08002744   0x08002744   0x00000020   Code   RO         2867    i.OS_PrioInsert     os_prio.o
    0x08002764   0x08002764   0x00000020   Code   RO         2868    i.OS_PrioRemove     os_prio.o
    0x08002784   0x08002784   0x00000018   Code   RO         2911    i.OS_QInit          os_q.o
    0x0800279c   0x0800279c   0x00000104   Code   RO         2912    i.OS_QPost          os_q.o
    0x080028a0   0x080028a0   0x00000024   Code   RO         2364    i.OS_RdyListInit    os_core.o
    0x080028c4   0x080028c4   0x00000030   Code   RO         2365    i.OS_RdyListInsert  os_core.o
    0x080028f4   0x080028f4   0x00000038   Code   RO         2366    i.OS_RdyListInsertHead  os_core.o
    0x0800292c   0x0800292c   0x00000034   Code   RO         2367    i.OS_RdyListInsertTail  os_core.o
    0x08002960   0x08002960   0x00000034   Code   RO         2368    i.OS_RdyListMoveHeadToTail  os_core.o
    0x08002994   0x08002994   0x00000054   Code   RO         2369    i.OS_RdyListRemove  os_core.o
    0x080029e8   0x080029e8   0x00000048   Code   RO         2370    i.OS_Sched0         os_core.o
    0x08002a30   0x08002a30   0x0000001c   Code   RO         2371    i.OS_SchedLockTimeMeasStart  os_core.o
    0x08002a4c   0x08002a4c   0x0000003c   Code   RO         2372    i.OS_SchedLockTimeMeasStop  os_core.o
    0x08002a88   0x08002a88   0x00000068   Code   RO         2373    i.OS_SchedRoundRobin  os_core.o
    0x08002af0   0x08002af0   0x00000018   Code   RO         2983    i.OS_SemInit        os_sem.o
    0x08002b08   0x08002b08   0x000000e4   Code   RO         2984    i.OS_SemPost        os_sem.o
    0x08002bec   0x08002bec   0x000002a4   Code   RO         3048    i.OS_StatTask       os_stat.o
    0x08002e90   0x08002e90   0x000000bc   Code   RO         3049    i.OS_StatTaskInit   os_stat.o
    0x08002f4c   0x08002f4c   0x0000002a   Code   RO         2374    i.OS_TaskBlock      os_core.o
    0x08002f76   0x08002f76   0x00000002   PAD
    0x08002f78   0x08002f78   0x00000024   Code   RO         3094    i.OS_TaskDbgListAdd  os_task.o
    0x08002f9c   0x08002f9c   0x00000038   Code   RO         3095    i.OS_TaskDbgListRemove  os_task.o
    0x08002fd4   0x08002fd4   0x00000020   Code   RO         3096    i.OS_TaskInit       os_task.o
    0x08002ff4   0x08002ff4   0x000000c8   Code   RO         3097    i.OS_TaskInitTCB    os_task.o
    0x080030bc   0x080030bc   0x00000144   Code   RO         3098    i.OS_TaskQPost      os_task.o
    0x08003200   0x08003200   0x0000001c   Code   RO         2375    i.OS_TaskRdy        os_core.o
    0x0800321c   0x0800321c   0x00000100   Code   RO         3099    i.OS_TaskResume     os_task.o
    0x0800331c   0x0800331c   0x00000018   Code   RO         3100    i.OS_TaskReturn     os_task.o
    0x08003334   0x08003334   0x00000188   Code   RO         3101    i.OS_TaskSemPost    os_task.o
    0x080034bc   0x080034bc   0x000000e8   Code   RO         3102    i.OS_TaskSuspend    os_task.o
    0x080035a4   0x080035a4   0x0000002c   Code   RO         3244    i.OS_TickListInit   os_tick.o
    0x080035d0   0x080035d0   0x000000d8   Code   RO         3245    i.OS_TickListInsert  os_tick.o
    0x080036a8   0x080036a8   0x00000036   Code   RO         3246    i.OS_TickListRemove  os_tick.o
    0x080036de   0x080036de   0x00000002   PAD
    0x080036e0   0x080036e0   0x00000028   Code   RO         3247    i.OS_TickListResetPeak  os_tick.o
    0x08003708   0x08003708   0x0000017c   Code   RO         3248    i.OS_TickListUpdate  os_tick.o
    0x08003884   0x08003884   0x00000028   Code   RO         3249    i.OS_TickTask       os_tick.o
    0x080038ac   0x080038ac   0x000000a8   Code   RO         3250    i.OS_TickTaskInit   os_tick.o
    0x08003954   0x08003954   0x00000104   Code   RO         3343    i.OS_TmrInit        os_tmr.o
    0x08003a58   0x08003a58   0x00000098   Code   RO         3344    i.OS_TmrLink        os_tmr.o
    0x08003af0   0x08003af0   0x00000028   Code   RO         3345    i.OS_TmrResetPeak   os_tmr.o
    0x08003b18   0x08003b18   0x000000a4   Code   RO         3346    i.OS_TmrTask        os_tmr.o
    0x08003bbc   0x08003bbc   0x0000004c   Code   RO         3347    i.OS_TmrUnlink      os_tmr.o
    0x08003c08   0x08003c08   0x00000028   Code   RO           15    i.PWM1_task         main.o
    0x08003c30   0x08003c30   0x00000002   Code   RO          257    i.SVC_Handler       stm32f1xx_it.o
    0x08003c32   0x08003c32   0x0000005e   Code   RO           16    i.SystemClock_Config  main.o
    0x08003c90   0x08003c90   0x00000002   Code   RO         1403    i.SystemInit        system_stm32f1xx.o
    0x08003c92   0x08003c92   0x00000002   Code   RO          259    i.UsageFault_Handler  stm32f1xx_it.o
    0x08003c94   0x08003c94   0x00000020   Code   RO          915    i.__NVIC_SetPriority  stm32f1xx_hal_cortex.o
    0x08003cb4   0x08003cb4   0x000000cc   Code   RO           17    i.main              main.o
    0x08003d80   0x08003d80   0x00000108   Code   RO           18    i.start_task        main.o
    0x08003e88   0x08003e88   0x00000010   Data   RO         1404    .constdata          system_stm32f1xx.o
    0x08003e98   0x08003e98   0x00000004   Data   RO         2275    .constdata          os_cfg_app.o
    0x08003e9c   0x08003e9c   0x00000004   Data   RO         2276    .constdata          os_cfg_app.o
    0x08003ea0   0x08003ea0   0x00000004   Data   RO         2277    .constdata          os_cfg_app.o
    0x08003ea4   0x08003ea4   0x00000004   Data   RO         2279    .constdata          os_cfg_app.o
    0x08003ea8   0x08003ea8   0x00000002   Data   RO         2280    .constdata          os_cfg_app.o
    0x08003eaa   0x08003eaa   0x00000002   PAD
    0x08003eac   0x08003eac   0x00000004   Data   RO         2282    .constdata          os_cfg_app.o
    0x08003eb0   0x08003eb0   0x00000004   Data   RO         2283    .constdata          os_cfg_app.o
    0x08003eb4   0x08003eb4   0x00000004   Data   RO         2284    .constdata          os_cfg_app.o
    0x08003eb8   0x08003eb8   0x00000004   Data   RO         2286    .constdata          os_cfg_app.o
    0x08003ebc   0x08003ebc   0x00000004   Data   RO         2287    .constdata          os_cfg_app.o
    0x08003ec0   0x08003ec0   0x00000002   Data   RO         2289    .constdata          os_cfg_app.o
    0x08003ec2   0x08003ec2   0x00000002   PAD
    0x08003ec4   0x08003ec4   0x00000004   Data   RO         2291    .constdata          os_cfg_app.o
    0x08003ec8   0x08003ec8   0x00000001   Data   RO         2292    .constdata          os_cfg_app.o
    0x08003ec9   0x08003ec9   0x00000003   PAD
    0x08003ecc   0x08003ecc   0x00000004   Data   RO         2293    .constdata          os_cfg_app.o
    0x08003ed0   0x08003ed0   0x00000004   Data   RO         2294    .constdata          os_cfg_app.o
    0x08003ed4   0x08003ed4   0x00000004   Data   RO         2295    .constdata          os_cfg_app.o
    0x08003ed8   0x08003ed8   0x00000004   Data   RO         2296    .constdata          os_cfg_app.o
    0x08003edc   0x08003edc   0x00000004   Data   RO         2298    .constdata          os_cfg_app.o
    0x08003ee0   0x08003ee0   0x00000004   Data   RO         2299    .constdata          os_cfg_app.o
    0x08003ee4   0x08003ee4   0x00000001   Data   RO         2300    .constdata          os_cfg_app.o
    0x08003ee5   0x08003ee5   0x00000003   PAD
    0x08003ee8   0x08003ee8   0x00000004   Data   RO         2301    .constdata          os_cfg_app.o
    0x08003eec   0x08003eec   0x00000004   Data   RO         2302    .constdata          os_cfg_app.o
    0x08003ef0   0x08003ef0   0x00000004   Data   RO         2303    .constdata          os_cfg_app.o
    0x08003ef4   0x08003ef4   0x00000002   Data   RO         2305    .constdata          os_cfg_app.o
    0x08003ef6   0x08003ef6   0x00000001   Data   RO         2307    .constdata          os_cfg_app.o
    0x08003ef7   0x08003ef7   0x00000001   PAD
    0x08003ef8   0x08003ef8   0x00000004   Data   RO         2308    .constdata          os_cfg_app.o
    0x08003efc   0x08003efc   0x00000004   Data   RO         2309    .constdata          os_cfg_app.o
    0x08003f00   0x08003f00   0x00000004   Data   RO         2310    .constdata          os_cfg_app.o
    0x08003f04   0x08003f04   0x00000004   Data   RO         2311    .constdata          os_cfg_app.o
    0x08003f08   0x08003f08   0x00000002   Data   RO         2313    .constdata          os_cfg_app.o
    0x08003f0a   0x08003f0a   0x00000002   PAD
    0x08003f0c   0x08003f0c   0x00000020   Data   RO         3666    Region$$Table       anon$$obj.o


    Execution Region RW_IRAM1 (Exec base: 0x20000000, Load base: 0x08003f2c, Size: 0x000029d0, Max: 0x00010000, ABSOLUTE)

    Exec Addr    Load Addr    Size         Type   Attr      Idx    E Section Name        Object

    0x20000000   0x08003f2c   0x0000000c   Data   RW          452    .data               stm32f1xx_hal.o
    0x2000000c   0x08003f38   0x00000004   Data   RW         1406    .data               system_stm32f1xx.o
    0x20000010   0x08003f3c   0x0000001c   Data   RW         2055    .data               cpu_core.o
    0x2000002c   0x08003f58   0x00000004   Data   RW         2197    .data               os_cpu_c.o
    0x20000030   0x08003f5c   0x00000004   Data   RW         2869    .data               os_prio.o
    0x20000034   0x08003f60   0x00000004   Data   RW         3431    .data               os_var.o
    0x20000038   0x08003f64   0x00000004   Data   RW         3432    .data               os_var.o
    0x2000003c   0x08003f68   0x00000004   Data   RW         3433    .data               os_var.o
    0x20000040   0x08003f6c   0x00000004   Data   RW         3434    .data               os_var.o
    0x20000044   0x08003f70   0x00000004   Data   RW         3435    .data               os_var.o
    0x20000048   0x08003f74   0x00000004   Data   RW         3436    .data               os_var.o
    0x2000004c   0x08003f78   0x00000004   Data   RW         3437    .data               os_var.o
    0x20000050   0x08003f7c   0x00000004   Data   RW         3438    .data               os_var.o
    0x20000054   0x08003f80   0x00000001   Data   RW         3439    .data               os_var.o
    0x20000055   0x08003f81   0x00000003   PAD
    0x20000058   0x08003f84   0x00000004   Data   RW         3440    .data               os_var.o
    0x2000005c   0x08003f88   0x00000001   Data   RW         3441    .data               os_var.o
    0x2000005d   0x08003f89   0x00000003   PAD
    0x20000060   0x08003f8c   0x00000004   Data   RW         3442    .data               os_var.o
    0x20000064   0x08003f90   0x00000004   Data   RW         3443    .data               os_var.o
    0x20000068   0x08003f94   0x00000002   Data   RW         3444    .data               os_var.o
    0x2000006a   0x08003f96   0x00000002   Data   RW         3445    .data               os_var.o
    0x2000006c   0x08003f98   0x00000002   Data   RW         3446    .data               os_var.o
    0x2000006e   0x08003f9a   0x00000002   PAD
    0x20000070   0x08003f9c   0x00000004   Data   RW         3447    .data               os_var.o
    0x20000074   0x08003fa0   0x00000004   Data   RW         3448    .data               os_var.o
    0x20000078   0x08003fa4   0x00000002   Data   RW         3449    .data               os_var.o
    0x2000007a   0x08003fa6   0x00000002   PAD
    0x2000007c   0x08003fa8   0x00000004   Data   RW         3450    .data               os_var.o
    0x20000080   0x08003fac   0x00000002   Data   RW         3451    .data               os_var.o
    0x20000082   0x08003fae   0x00000002   PAD
    0x20000084   0x08003fb0   0x00000004   Data   RW         3452    .data               os_var.o
    0x20000088   0x08003fb4   0x00000002   Data   RW         3453    .data               os_var.o
    0x2000008a   0x08003fb6   0x00000001   Data   RW         3454    .data               os_var.o
    0x2000008b   0x08003fb7   0x00000001   Data   RW         3455    .data               os_var.o
    0x2000008c   0x08003fb8   0x00000001   Data   RW         3456    .data               os_var.o
    0x2000008d   0x08003fb9   0x00000003   PAD
    0x20000090   0x08003fbc   0x00000004   Data   RW         3457    .data               os_var.o
    0x20000094   0x08003fc0   0x00000002   Data   RW         3458    .data               os_var.o
    0x20000096   0x08003fc2   0x00000002   PAD
    0x20000098   0x08003fc4   0x00000004   Data   RW         3459    .data               os_var.o
    0x2000009c   0x08003fc8   0x00000004   Data   RW         3460    .data               os_var.o
    0x200000a0   0x08003fcc   0x00000004   Data   RW         3461    .data               os_var.o
    0x200000a4   0x08003fd0   0x00000001   Data   RW         3462    .data               os_var.o
    0x200000a5   0x08003fd1   0x00000003   PAD
    0x200000a8   0x08003fd4   0x00000004   Data   RW         3463    .data               os_var.o
    0x200000ac   0x08003fd8   0x00000001   Data   RW         3464    .data               os_var.o
    0x200000ad   0x08003fd9   0x00000003   PAD
    0x200000b0   0x08003fdc   0x00000004   Data   RW         3465    .data               os_var.o
    0x200000b4   0x08003fe0   0x00000002   Data   RW         3466    .data               os_var.o
    0x200000b6   0x08003fe2   0x00000001   Data   RW         3467    .data               os_var.o
    0x200000b7   0x08003fe3   0x00000001   PAD
    0x200000b8   0x08003fe4   0x00000002   Data   RW         3468    .data               os_var.o
    0x200000ba   0x08003fe6   0x00000002   Data   RW         3469    .data               os_var.o
    0x200000bc   0x08003fe8   0x00000004   Data   RW         3470    .data               os_var.o
    0x200000c0   0x08003fec   0x00000004   Data   RW         3471    .data               os_var.o
    0x200000c4   0x08003ff0   0x00000004   Data   RW         3472    .data               os_var.o
    0x200000c8   0x08003ff4   0x00000001   Data   RW         3473    .data               os_var.o
    0x200000c9   0x08003ff5   0x00000003   PAD
    0x200000cc   0x08003ff8   0x00000004   Data   RW         3474    .data               os_var.o
    0x200000d0   0x08003ffc   0x00000004   Data   RW         3475    .data               os_var.o
    0x200000d4   0x08004000   0x00000004   Data   RW         3476    .data               os_var.o
    0x200000d8   0x08004004   0x00000002   Data   RW         3477    .data               os_var.o
    0x200000da   0x08004006   0x00000001   Data   RW         3478    .data               os_var.o
    0x200000db   0x08004007   0x00000001   PAD
    0x200000dc   0x08004008   0x00000004   Data   RW         3479    .data               os_var.o
    0x200000e0   0x0800400c   0x00000004   Data   RW         3480    .data               os_var.o
    0x200000e4   0x08004010   0x00000004   Data   RW         3481    .data               os_var.o
    0x200000e8   0x08004014   0x00000004   Data   RW         3483    .data               os_var.o
    0x200000ec   0x08004018   0x00000004   Data   RW         3484    .data               os_var.o
    0x200000f0   0x0800401c   0x00000004   Data   RW         3485    .data               os_var.o
    0x200000f4   0x08004020   0x00000004   Data   RW         3486    .data               os_var.o
    0x200000f8   0x08004024   0x00000004   Data   RW         3487    .data               os_var.o
    0x200000fc   0x08004028   0x00000004   Data   RW         3488    .data               os_var.o
    0x20000100        -       0x00000858   Zero   RW           19    .bss                main.o
    0x20000958        -       0x00000010   Zero   RW         2053    .bss                cpu_core.o
    0x20000968        -       0x00000200   Zero   RW         2265    .bss                os_cfg_app.o
    0x20000b68        -       0x00000140   Zero   RW         2266    .bss                os_cfg_app.o
    0x20000ca8        -       0x00000200   Zero   RW         2267    .bss                os_cfg_app.o
    0x20000ea8        -       0x00000200   Zero   RW         2268    .bss                os_cfg_app.o
    0x200010a8        -       0x00000640   Zero   RW         2269    .bss                os_cfg_app.o
    0x200016e8        -       0x00000200   Zero   RW         2270    .bss                os_cfg_app.o
    0x200018e8        -       0x00000200   Zero   RW         2271    .bss                os_cfg_app.o
    0x20001ae8        -       0x00000088   Zero   RW         2272    .bss                os_cfg_app.o
    0x20001b70        -       0x00000200   Zero   RW         2273    .bss                os_cfg_app.o
    0x20001d70        -       0x00000088   Zero   RW         2274    .bss                os_cfg_app.o
    0x20001df8        -       0x000000c8   Zero   RW         3424    .bss                os_var.o
    0x20001ec0        -       0x000000c8   Zero   RW         3425    .bss                os_var.o
    0x20001f88        -       0x0000000c   Zero   RW         3426    .bss                os_var.o
    0x20001f94        -       0x00000180   Zero   RW         3427    .bss                os_var.o
    0x20002114        -       0x000000c8   Zero   RW         3428    .bss                os_var.o
    0x200021dc        -       0x000000c8   Zero   RW         3429    .bss                os_var.o
    0x200022a4        -       0x000000c8   Zero   RW         3430    .bss                os_var.o
    0x2000236c        -       0x00000060   Zero   RW         3538    .bss                c_w.l(libspace.o)
    0x200023cc   0x0800402c   0x00000004   PAD
    0x200023d0        -       0x00000200   Zero   RW            2    HEAP                startup_stm32f103xe.o
    0x200025d0        -       0x00000400   Zero   RW            1    STACK               startup_stm32f103xe.o


==============================================================================

Image component sizes


      Code (inc. data)   RO Data    RW Data    ZI Data      Debug   Object Name

        60         16          0          0          0       1754   bsp.o
        52          0          0          0          0        288   cpu_a.o
       344         48          0         28         16       7932   cpu_core.o
       172         22          0          0          0       1344   gpio.o
        84          0          0          0          0       1668   lib_mem.o
       646         92          0          0       2136     483934   main.o
         2          0        103          0       5264      20778   os_cfg_app.o
      2402        416          0          0          0      19358   os_core.o
       132         32          0          0          0        300   os_cpu_a.o
       412         66          0          4          0       6176   os_cpu_c.o
         2          0          0          0          0        834   os_dbg.o
       484         28          0          0          0       3107   os_flag.o
       884        200          0          0          0       3478   os_int.o
        24         10          0          0          0        805   os_mem.o
       306         20          0          0          0       3133   os_msg.o
        24         10          0          0          0        889   os_mutex.o
       112         16          0          4          0       2610   os_prio.o
       284         18          0          0          0       2208   os_q.o
       252         14          0          0          0       2038   os_sem.o
      1112        190          0          0          0       3278   os_stat.o
      2960        218          0          0          0      12309   os_task.o
       942        128          0          0          0       5461   os_tick.o
       692         42          0          0          0       2981   os_time.o
       692        136          0          0          0       3976   os_tmr.o
         0          0          0        176       1396      19369   os_var.o
        64         26        304          0       1536        800   startup_stm32f103xe.o
       112         20          0         12          0       5295   stm32f1xx_hal.o
       198         14          0          0          0      28807   stm32f1xx_hal_cortex.o
       554         48          0          0          0       3996   stm32f1xx_hal_gpio.o
        68         10          0          0          0        826   stm32f1xx_hal_msp.o
      1220         82          0          0          0       4410   stm32f1xx_hal_rcc.o
        34          0          0          0          0       3322   stm32f1xx_it.o
         2          0         16          4          0       1047   system_stm32f1xx.o

    ----------------------------------------------------------------------
     15348       1922        468        256      10348     658511   Object Totals
         0          0         32          0          0          0   (incl. Generated)
        20          0         13         28          0          0   (incl. Padding)

    ----------------------------------------------------------------------

      Code (inc. data)   RO Data    RW Data    ZI Data      Debug   Library Member Name

         8          0          0          0          0         68   __main.o
         0          0          0          0          0          0   __rtentry.o
        12          0          0          0          0          0   __rtentry2.o
         6          0          0          0          0          0   __rtentry4.o
        52          8          0          0          0          0   __scatter.o
        26          0          0          0          0          0   __scatter_copy.o
        28          0          0          0          0          0   __scatter_zi.o
        18          0          0          0          0         80   exit.o
         6          0          0          0          0        152   heapauxi.o
         0          0          0          0          0          0   indicate_semi.o
         2          0          0          0          0          0   libinit.o
         2          0          0          0          0          0   libinit2.o
         2          0          0          0          0          0   libshutdown.o
         2          0          0          0          0          0   libshutdown2.o
         8          4          0          0         96         68   libspace.o
        78          0          0          0          0         80   rt_memclr_w.o
         2          0          0          0          0          0   rtexit.o
        10          0          0          0          0          0   rtexit2.o
        12          4          0          0          0         68   sys_exit.o
        74          0          0          0          0         80   sys_stackheap_outer.o
         2          0          0          0          0         68   use_no_semi.o

    ----------------------------------------------------------------------
       356         16          0          0        100        664   Library Totals
         6          0          0          0          4          0   (incl. Padding)

    ----------------------------------------------------------------------

      Code (inc. data)   RO Data    RW Data    ZI Data      Debug   Library Name

       350         16          0          0         96        664   c_w.l

    ----------------------------------------------------------------------
       356         16          0          0        100        664   Library Totals

    ----------------------------------------------------------------------

==============================================================================


      Code (inc. data)   RO Data    RW Data    ZI Data      Debug   

     15704       1938        468        256      10448     651891   Grand Totals
     15704       1938        468        256      10448     651891   ELF Image Totals
     15704       1938        468        256          0          0   ROM Totals

==============================================================================

    Total RO  Size (Code + RO Data)                16172 (  15.79kB)
    Total RW  Size (RW Data + ZI Data)             10704 (  10.45kB)
    Total ROM Size (Code + RO Data + RW Data)      16428 (  16.04kB)

==============================================================================

